7/19/2025, 10:20:53 PM GMT+5:30 0: 

----------------------------------------------
7/19/2025, 10:20:53 PM GMT+5:30 1: Discord starting: {"releaseChannel":"stable","version":"0.0.102"}, modulepath: /home/man37/.config/discord/0.0.102/modules
7/19/2025, 10:20:53 PM GMT+5:30 2: ✅ webContents.created web1 ""
7/19/2025, 10:20:53 PM GMT+5:30 3: ✅ window.created win1 "discord"
7/19/2025, 10:20:54 PM GMT+5:30 4: ✅ webContents.did-finish-load web1
7/19/2025, 10:21:05 PM GMT+5:30 5: ✅ webContents.created web2 ""
7/19/2025, 10:21:05 PM GMT+5:30 6: ✅ window.created win2 "Discord"
7/19/2025, 10:21:07 PM GMT+5:30 7: ✅ webContents.did-finish-load web2
7/19/2025, 10:21:10 PM GMT+5:30 8: window.close win1
7/19/2025, 10:21:10 PM GMT+5:30 9: webContents.destroyed web1
7/19/2025, 10:21:10 PM GMT+5:30 10: window.closed win1
7/24/2025, 5:33:27 PM GMT+5:30 11: before-quit
7/24/2025, 5:33:27 PM GMT+5:30 12: window.close win2
7/24/2025, 5:33:28 PM GMT+5:30 13: webContents.destroyed web2
7/24/2025, 5:33:28 PM GMT+5:30 14: window.closed win2
7/24/2025, 5:33:39 PM GMT+5:30 0: 

----------------------------------------------
7/24/2025, 5:33:39 PM GMT+5:30 1: Discord starting: {"releaseChannel":"stable","version":"0.0.102"}, modulepath: /home/man37/.config/discord/0.0.102/modules
7/24/2025, 5:33:39 PM GMT+5:30 2: ✅ webContents.created web1 ""
7/24/2025, 5:33:39 PM GMT+5:30 3: ✅ window.created win1 "discord"
7/24/2025, 5:33:39 PM GMT+5:30 4: ✅ webContents.did-finish-load web1
7/24/2025, 5:33:41 PM GMT+5:30 5: ✅ webContents.created web2 ""
7/24/2025, 5:33:41 PM GMT+5:30 6: ✅ window.created win2 "Discord"
7/24/2025, 5:33:44 PM GMT+5:30 7: ✅ webContents.did-finish-load web2
7/24/2025, 5:33:47 PM GMT+5:30 8: window.close win1
7/24/2025, 5:33:47 PM GMT+5:30 9: webContents.destroyed web1
7/24/2025, 5:33:47 PM GMT+5:30 10: window.closed win1
7/24/2025, 5:33:51 PM GMT+5:30 11: ✅ webContents.did-finish-load web2
7/26/2025, 9:03:51 PM GMT+5:30 12: window.close win2
