2025-05-24 16:59:19 Loading main app package /usr/lib/obsidian/obsidian.asar
2025-05-24 16:59:19 Checking for update using Github
2025-05-24 16:59:19 Success.
2025-05-24 16:59:19 Latest version is 1.8.10
2025-05-24 16:59:19 App is up to date.
2025-05-24 17:59:19 Checking for update using Github
2025-05-24 17:59:19 Success.
2025-05-24 17:59:19 Latest version is 1.8.10
2025-05-24 17:59:19 App is up to date.
2025-05-25 03:01:37 Loading main app package /usr/lib/obsidian/obsidian.asar
2025-05-25 03:01:37 Checking for update using Github
2025-05-25 03:01:37 Success.
2025-05-25 03:01:37 Latest version is 1.8.10
2025-05-25 03:01:37 App is up to date.
2025-05-25 03:15:32 Loading main app package /usr/lib/obsidian/obsidian.asar
2025-05-25 03:15:32 Checking for update using Github
2025-05-25 03:15:33 Success.
2025-05-25 03:15:33 Latest version is 1.8.10
2025-05-25 03:15:33 App is up to date.
2025-05-25 04:15:32 Checking for update using Github
2025-05-25 04:15:32 Success.
2025-05-25 04:15:32 Latest version is 1.8.10
2025-05-25 04:15:32 App is up to date.
2025-05-25 05:53:03 Loading main app package /usr/lib/obsidian/obsidian.asar
2025-05-25 05:53:03 Checking for update using Github
2025-05-25 05:53:03 Success.
2025-05-25 05:53:03 Latest version is 1.8.10
2025-05-25 05:53:03 App is up to date.
2025-05-25 05:54:13 Checking for update using Github
2025-05-25 05:54:13 Success.
2025-05-25 05:54:13 Latest version is 1.8.10
2025-05-25 05:54:13 App is up to date.
2025-05-25 10:04:19 Checking for update using Github
2025-05-25 10:04:19 Success.
2025-05-25 10:04:19 Latest version is 1.8.10
2025-05-25 10:04:19 App is up to date.
2025-05-25 16:19:40 Checking for update using Github
2025-05-25 16:19:40 Success.
2025-05-25 16:19:40 Latest version is 1.8.10
2025-05-25 16:19:40 App is up to date.
2025-05-25 17:27:32 Loading main app package /usr/lib/obsidian/obsidian.asar
2025-05-25 17:27:32 Checking for update using Github
2025-05-25 17:27:32 Success.
2025-05-25 17:27:32 Latest version is 1.8.10
2025-05-25 17:27:32 App is up to date.
2025-05-25 17:28:29 Loading main app package /usr/lib/obsidian/obsidian.asar
2025-05-25 17:28:30 Checking for update using Github
2025-05-25 17:28:30 Success.
2025-05-25 17:28:30 Latest version is 1.8.10
2025-05-25 17:28:30 App is up to date.
2025-05-25 18:28:29 Checking for update using Github
2025-05-25 18:28:29 Success.
2025-05-25 18:28:29 Latest version is 1.8.10
2025-05-25 18:28:29 App is up to date.
2025-05-25 19:28:29 Checking for update using Github
2025-05-25 19:28:30 Success.
2025-05-25 19:28:30 Latest version is 1.8.10
2025-05-25 19:28:30 App is up to date.
2025-05-26 15:03:30 Loading main app package /usr/lib/obsidian/obsidian.asar
2025-05-26 15:03:30 Checking for update using Github
2025-05-26 15:03:30 Success.
2025-05-26 15:03:30 Latest version is 1.8.10
2025-05-26 15:03:30 App is up to date.
2025-05-26 15:16:45 Loading main app package /usr/lib/obsidian/obsidian.asar
2025-05-26 15:16:46 Checking for update using Github
2025-05-26 15:16:46 Success.
2025-05-26 15:16:46 Latest version is 1.8.10
2025-05-26 15:16:46 App is up to date.
2025-05-26 16:16:45 Checking for update using Github
2025-05-26 16:16:46 Success.
2025-05-26 16:16:46 Latest version is 1.8.10
2025-05-26 16:16:46 App is up to date.
2025-05-26 17:16:46 Checking for update using Github
2025-05-26 17:16:46 Success.
2025-05-26 17:16:46 Latest version is 1.8.10
2025-05-26 17:16:46 App is up to date.
2025-05-26 18:16:46 Checking for update using Github
2025-05-26 18:16:46 Success.
2025-05-26 18:16:46 Latest version is 1.8.10
2025-05-26 18:16:46 App is up to date.
2025-05-26 19:16:46 Checking for update using Github
2025-05-26 19:16:46 Failed to check for update using Github (net::ERR_INTERNET_DISCONNECTED)
2025-05-26 19:16:46 Checking for update using obsidian.md
2025-05-26 19:16:46 Failed to check for update using obsidian.md (net::ERR_INTERNET_DISCONNECTED)
2025-05-27 07:45:40 Checking for update using Github
2025-05-27 07:45:40 Success.
2025-05-27 07:45:40 Latest version is 1.8.10
2025-05-27 07:45:40 App is up to date.
2025-05-27 08:45:40 Checking for update using Github
2025-05-27 08:45:40 Success.
2025-05-27 08:45:40 Latest version is 1.8.10
2025-05-27 08:45:40 App is up to date.
2025-05-27 16:32:50 Checking for update using Github
2025-05-27 16:32:50 Success.
2025-05-27 16:32:50 Latest version is 1.8.10
2025-05-27 16:32:50 App is up to date.
2025-05-27 17:38:20 Checking for update using Github
2025-05-27 17:38:20 Success.
2025-05-27 17:38:20 Latest version is 1.8.10
2025-05-27 17:38:20 App is up to date.
2025-05-27 18:38:20 Checking for update using Github
2025-05-27 18:38:20 Success.
2025-05-27 18:38:20 Latest version is 1.8.10
2025-05-27 18:38:20 App is up to date.
2025-05-27 19:23:52 Loading main app package /usr/lib/obsidian/obsidian.asar
2025-05-27 19:23:53 Checking for update using Github
2025-05-27 19:23:53 Success.
2025-05-27 19:23:53 Latest version is 1.8.10
2025-05-27 19:23:53 App is up to date.
2025-05-28 08:17:21 Checking for update using Github
2025-05-28 08:17:21 Success.
2025-05-28 08:17:21 Latest version is 1.8.10
2025-05-28 08:17:21 App is up to date.
2025-05-28 14:24:38 Checking for update using Github
2025-05-28 14:24:38 Success.
2025-05-28 14:24:38 Latest version is 1.8.10
2025-05-28 14:24:38 App is up to date.
2025-05-28 15:24:38 Checking for update using Github
2025-05-28 15:24:38 Success.
2025-05-28 15:24:38 Latest version is 1.8.10
2025-05-28 15:24:38 App is up to date.
2025-05-28 16:38:22 Checking for update using Github
2025-05-28 16:38:23 Success.
2025-05-28 16:38:23 Latest version is 1.8.10
2025-05-28 16:38:23 App is up to date.
2025-05-28 17:38:22 Checking for update using Github
2025-05-28 17:38:22 Success.
2025-05-28 17:38:22 Latest version is 1.8.10
2025-05-28 17:38:22 App is up to date.
2025-05-28 18:38:22 Checking for update using Github
2025-05-28 18:38:22 Success.
2025-05-28 18:38:22 Latest version is 1.8.10
2025-05-28 18:38:22 App is up to date.
2025-05-28 19:38:22 Checking for update using Github
2025-05-28 19:38:22 Success.
2025-05-28 19:38:22 Latest version is 1.8.10
2025-05-28 19:38:22 App is up to date.
2025-05-29 05:59:55 Loading main app package /usr/lib/obsidian/obsidian.asar
2025-05-29 05:59:56 Checking for update using Github
2025-05-29 05:59:56 Success.
2025-05-29 05:59:56 Latest version is 1.8.10
2025-05-29 05:59:56 App is up to date.
2025-05-29 13:35:51 Loading main app package /usr/lib/obsidian/obsidian.asar
2025-05-29 13:35:52 Checking for update using Github
2025-05-29 13:35:52 Success.
2025-05-29 13:35:52 Latest version is 1.8.10
2025-05-29 13:35:52 App is up to date.
2025-05-29 14:35:51 Checking for update using Github
2025-05-29 14:35:51 Success.
2025-05-29 14:35:51 Latest version is 1.8.10
2025-05-29 14:35:51 App is up to date.
2025-05-29 15:35:51 Checking for update using Github
2025-05-29 15:35:51 Success.
2025-05-29 15:35:51 Latest version is 1.8.10
2025-05-29 15:35:51 App is up to date.
2025-05-29 17:52:32 Checking for update using Github
2025-05-29 17:52:32 Success.
2025-05-29 17:52:32 Latest version is 1.8.10
2025-05-29 17:52:32 App is up to date.
2025-05-29 18:52:32 Checking for update using Github
2025-05-29 18:52:32 Success.
2025-05-29 18:52:32 Latest version is 1.8.10
2025-05-29 18:52:32 App is up to date.
2025-05-29 19:52:32 Checking for update using Github
2025-05-29 19:52:32 Success.
2025-05-29 19:52:32 Latest version is 1.8.10
2025-05-29 19:52:32 App is up to date.
2025-05-29 22:16:42 Checking for update using Github
2025-05-29 22:16:43 Success.
2025-05-29 22:16:43 Latest version is 1.8.10
2025-05-29 22:16:43 App is up to date.
2025-05-29 23:16:42 Checking for update using Github
2025-05-29 23:16:43 Success.
2025-05-29 23:16:43 Latest version is 1.8.10
2025-05-29 23:16:43 App is up to date.
2025-05-30 00:16:42 Checking for update using Github
2025-05-30 00:16:43 Success.
2025-05-30 00:16:43 Latest version is 1.8.10
2025-05-30 00:16:43 App is up to date.
2025-05-30 01:16:42 Checking for update using Github
2025-05-30 01:16:43 Success.
2025-05-30 01:16:43 Latest version is 1.8.10
2025-05-30 01:16:43 App is up to date.
2025-05-30 15:48:07 Checking for update using Github
2025-05-30 15:48:07 Success.
2025-05-30 15:48:07 Latest version is 1.8.10
2025-05-30 15:48:07 App is up to date.
2025-05-30 16:48:07 Checking for update using Github
2025-05-30 16:48:07 Success.
2025-05-30 16:48:07 Latest version is 1.8.10
2025-05-30 16:48:07 App is up to date.
2025-05-30 17:48:07 Checking for update using Github
2025-05-30 17:48:07 Success.
2025-05-30 17:48:07 Latest version is 1.8.10
2025-05-30 17:48:07 App is up to date.
2025-05-31 06:30:55 Checking for update using Github
2025-05-31 06:30:56 Success.
2025-05-31 06:30:56 Latest version is 1.8.10
2025-05-31 06:30:56 App is up to date.
2025-05-31 07:30:55 Checking for update using Github
2025-05-31 07:30:55 Success.
2025-05-31 07:30:55 Latest version is 1.8.10
2025-05-31 07:30:55 App is up to date.
2025-05-31 08:30:55 Checking for update using Github
2025-05-31 08:30:56 Success.
2025-05-31 08:30:56 Latest version is 1.8.10
2025-05-31 08:30:56 App is up to date.
2025-05-31 13:57:59 Checking for update using Github
2025-05-31 13:57:59 Success.
2025-05-31 13:57:59 Latest version is 1.8.10
2025-05-31 13:57:59 App is up to date.
2025-05-31 16:02:59 Checking for update using Github
2025-05-31 16:02:59 Success.
2025-05-31 16:02:59 Latest version is 1.8.10
2025-05-31 16:02:59 App is up to date.
2025-05-31 17:02:59 Checking for update using Github
2025-05-31 17:02:59 Success.
2025-05-31 17:02:59 Latest version is 1.8.10
2025-05-31 17:02:59 App is up to date.
2025-05-31 17:49:30 Loading main app package /usr/lib/obsidian/obsidian.asar
2025-05-31 17:49:30 Checking for update using Github
2025-05-31 17:49:36 Success.
2025-05-31 17:49:36 Latest version is 1.8.10
2025-05-31 17:49:36 App is up to date.
2025-05-31 18:49:30 Checking for update using Github
2025-05-31 18:49:30 Success.
2025-05-31 18:49:30 Latest version is 1.8.10
2025-05-31 18:49:30 App is up to date.
2025-06-01 08:05:12 Checking for update using Github
2025-06-01 08:05:13 Success.
2025-06-01 08:05:13 Latest version is 1.8.10
2025-06-01 08:05:13 App is up to date.
2025-06-01 10:00:52 Checking for update using Github
2025-06-01 10:00:52 Success.
2025-06-01 10:00:52 Latest version is 1.8.10
2025-06-01 10:00:52 App is up to date.
2025-06-01 15:16:16 Checking for update using Github
2025-06-01 15:16:16 Success.
2025-06-01 15:16:16 Latest version is 1.8.10
2025-06-01 15:16:16 App is up to date.
2025-06-01 16:16:39 Checking for update using Github
2025-06-01 16:16:39 Success.
2025-06-01 16:16:39 Latest version is 1.8.10
2025-06-01 16:16:39 App is up to date.
2025-06-01 17:16:39 Checking for update using Github
2025-06-01 17:16:39 Success.
2025-06-01 17:16:39 Latest version is 1.8.10
2025-06-01 17:16:39 App is up to date.
2025-06-01 19:48:31 Checking for update using Github
2025-06-01 19:48:32 Success.
2025-06-01 19:48:32 Latest version is 1.8.10
2025-06-01 19:48:32 App is up to date.
2025-06-01 22:36:35 Checking for update using Github
2025-06-01 22:36:35 Success.
2025-06-01 22:36:35 Latest version is 1.8.10
2025-06-01 22:36:35 App is up to date.
2025-06-01 23:36:35 Checking for update using Github
2025-06-01 23:36:36 Success.
2025-06-01 23:36:36 Latest version is 1.8.10
2025-06-01 23:36:36 App is up to date.
2025-06-02 00:36:35 Checking for update using Github
2025-06-02 00:36:35 Success.
2025-06-02 00:36:35 Latest version is 1.8.10
2025-06-02 00:36:35 App is up to date.
2025-06-02 17:56:40 Checking for update using Github
2025-06-02 17:56:41 Success.
2025-06-02 17:56:41 Latest version is 1.8.10
2025-06-02 17:56:41 App is up to date.
2025-06-03 06:17:09 Checking for update using Github
2025-06-03 06:17:09 Success.
2025-06-03 06:17:09 Latest version is 1.8.10
2025-06-03 06:17:09 App is up to date.
2025-06-03 07:17:09 Checking for update using Github
2025-06-03 07:17:09 Success.
2025-06-03 07:17:09 Latest version is 1.8.10
2025-06-03 07:17:09 App is up to date.
2025-06-03 09:11:02 Checking for update using Github
2025-06-03 09:11:02 Success.
2025-06-03 09:11:02 Latest version is 1.8.10
2025-06-03 09:11:02 App is up to date.
2025-06-03 16:28:12 Loading main app package /usr/lib/obsidian/obsidian.asar
2025-06-03 16:28:12 Checking for update using Github
2025-06-03 16:28:12 Success.
2025-06-03 16:28:12 Latest version is 1.8.10
2025-06-03 16:28:12 App is up to date.
2025-06-04 17:22:32 Loading main app package /usr/lib/obsidian/obsidian.asar
2025-06-04 17:22:33 Checking for update using Github
2025-06-04 17:22:33 Success.
2025-06-04 17:22:33 Latest version is 1.8.10
2025-06-04 17:22:33 App is up to date.
2025-06-04 18:22:32 Checking for update using Github
2025-06-04 18:22:32 Success.
2025-06-04 18:22:32 Latest version is 1.8.10
2025-06-04 18:22:32 App is up to date.
2025-06-05 17:30:31 Checking for update using Github
2025-06-05 17:30:31 Success.
2025-06-05 17:30:31 Latest version is 1.8.10
2025-06-05 17:30:31 App is up to date.
2025-06-05 21:36:41 Checking for update using Github
2025-06-05 21:36:41 Success.
2025-06-05 21:36:41 Latest version is 1.8.10
2025-06-05 21:36:41 App is up to date.
2025-06-05 22:36:41 Checking for update using Github
2025-06-05 22:36:41 Success.
2025-06-05 22:36:41 Latest version is 1.8.10
2025-06-05 22:36:41 App is up to date.
2025-06-06 01:15:07 Checking for update using Github
2025-06-06 01:15:07 Success.
2025-06-06 01:15:07 Latest version is 1.8.10
2025-06-06 01:15:07 App is up to date.
2025-06-06 16:26:09 Loading main app package /usr/lib/obsidian/obsidian.asar
2025-06-06 16:26:09 Checking for update using Github
2025-06-06 16:26:09 Success.
2025-06-06 16:26:09 Latest version is 1.8.10
2025-06-06 16:26:09 App is up to date.
2025-06-06 17:26:09 Checking for update using Github
2025-06-06 17:26:09 Success.
2025-06-06 17:26:09 Latest version is 1.8.10
2025-06-06 17:26:09 App is up to date.
2025-06-07 15:59:34 Checking for update using Github
2025-06-07 15:59:34 Success.
2025-06-07 15:59:34 Latest version is 1.8.10
2025-06-07 15:59:34 App is up to date.
2025-06-07 16:15:39 Loading main app package /usr/lib/obsidian/obsidian.asar
2025-06-07 16:15:40 Checking for update using Github
2025-06-07 16:15:40 Success.
2025-06-07 16:15:40 Latest version is 1.8.10
2025-06-07 16:15:40 App is up to date.
2025-06-07 17:15:39 Checking for update using Github
2025-06-07 17:15:40 Success.
2025-06-07 17:15:40 Latest version is 1.8.10
2025-06-07 17:15:40 App is up to date.
2025-06-07 18:15:39 Checking for update using Github
2025-06-07 18:15:40 Success.
2025-06-07 18:15:40 Latest version is 1.8.10
2025-06-07 18:15:40 App is up to date.
2025-06-08 09:01:07 Checking for update using Github
2025-06-08 09:01:07 Success.
2025-06-08 09:01:07 Latest version is 1.8.10
2025-06-08 09:01:07 App is up to date.
2025-06-08 10:01:07 Checking for update using Github
2025-06-08 10:01:07 Success.
2025-06-08 10:01:07 Latest version is 1.8.10
2025-06-08 10:01:07 App is up to date.
2025-06-08 16:43:37 Checking for update using Github
2025-06-08 16:43:37 Success.
2025-06-08 16:43:37 Latest version is 1.8.10
2025-06-08 16:43:37 App is up to date.
2025-06-08 17:28:13 Loading main app package /usr/lib/obsidian/obsidian.asar
2025-06-08 17:28:13 Checking for update using Github
2025-06-08 17:28:13 Success.
2025-06-08 17:28:13 Latest version is 1.8.10
2025-06-08 17:28:13 App is up to date.
2025-06-08 17:28:54 Loading main app package /usr/lib/obsidian/obsidian.asar
2025-06-08 17:28:54 Checking for update using Github
2025-06-08 17:28:54 Success.
2025-06-08 17:28:54 Latest version is 1.8.10
2025-06-08 17:28:54 App is up to date.
2025-06-08 17:32:56 Loading main app package /usr/lib/obsidian/obsidian.asar
2025-06-08 17:32:57 Checking for update using Github
2025-06-08 17:32:57 Success.
2025-06-08 17:32:57 Latest version is 1.8.10
2025-06-08 17:32:57 App is up to date.
2025-06-08 18:32:56 Checking for update using Github
2025-06-08 18:32:57 Success.
2025-06-08 18:32:57 Latest version is 1.8.10
2025-06-08 18:32:57 App is up to date.
2025-06-09 05:33:04 Checking for update using Github
2025-06-09 05:33:04 Success.
2025-06-09 05:33:04 Latest version is 1.8.10
2025-06-09 05:33:04 App is up to date.
2025-06-09 05:38:07 Loading main app package /usr/lib/obsidian/obsidian.asar
2025-06-09 05:38:07 Checking for update using Github
2025-06-09 05:38:07 Success.
2025-06-09 05:38:07 Latest version is 1.8.10
2025-06-09 05:38:07 App is up to date.
2025-06-09 05:52:50 Loading main app package /usr/lib/obsidian/obsidian.asar
2025-06-09 05:52:50 Checking for update using Github
2025-06-09 05:52:50 Success.
2025-06-09 05:52:50 Latest version is 1.8.10
2025-06-09 05:52:50 App is up to date.
2025-06-09 06:52:50 Checking for update using Github
2025-06-09 06:52:50 Success.
2025-06-09 06:52:50 Latest version is 1.8.10
2025-06-09 06:52:50 App is up to date.
2025-06-09 11:31:56 Checking for update using Github
2025-06-09 11:31:56 Success.
2025-06-09 11:31:56 Latest version is 1.8.10
2025-06-09 11:31:56 App is up to date.
2025-06-09 17:53:22 Checking for update using Github
2025-06-09 17:53:22 Success.
2025-06-09 17:53:22 Latest version is 1.8.10
2025-06-09 17:53:22 App is up to date.
2025-06-09 21:47:42 Checking for update using Github
2025-06-09 21:47:42 Success.
2025-06-09 21:47:42 Latest version is 1.8.10
2025-06-09 21:47:42 App is up to date.
2025-06-09 22:47:42 Checking for update using Github
2025-06-09 22:47:42 Success.
2025-06-09 22:47:42 Latest version is 1.8.10
2025-06-09 22:47:42 App is up to date.
2025-06-10 01:41:33 Checking for update using Github
2025-06-10 01:41:33 Success.
2025-06-10 01:41:33 Latest version is 1.8.10
2025-06-10 01:41:33 App is up to date.
2025-06-10 14:33:54 Checking for update using Github
2025-06-10 14:33:54 Success.
2025-06-10 14:33:54 Latest version is 1.8.10
2025-06-10 14:33:54 App is up to date.
2025-06-10 15:33:54 Checking for update using Github
2025-06-10 15:33:59 Success.
2025-06-10 15:33:59 Latest version is 1.8.10
2025-06-10 15:33:59 App is up to date.
2025-06-10 16:33:54 Checking for update using Github
2025-06-10 16:33:54 Success.
2025-06-10 16:33:54 Latest version is 1.8.10
2025-06-10 16:33:54 App is up to date.
2025-06-10 17:33:54 Checking for update using Github
2025-06-10 17:33:54 Success.
2025-06-10 17:33:54 Latest version is 1.8.10
2025-06-10 17:33:54 App is up to date.
2025-06-10 18:30:30 Loading main app package /usr/lib/obsidian/obsidian.asar
2025-06-10 18:30:31 Checking for update using Github
2025-06-10 18:30:31 Success.
2025-06-10 18:30:31 Latest version is 1.8.10
2025-06-10 18:30:31 App is up to date.
2025-06-11 04:43:42 Checking for update using Github
2025-06-11 04:43:42 Success.
2025-06-11 04:43:42 Latest version is 1.8.10
2025-06-11 04:43:42 App is up to date.
2025-06-11 05:43:42 Checking for update using Github
2025-06-11 05:43:42 Success.
2025-06-11 05:43:42 Latest version is 1.8.10
2025-06-11 05:43:42 App is up to date.
2025-06-11 11:25:01 Checking for update using Github
2025-06-11 11:25:01 Success.
2025-06-11 11:25:01 Latest version is 1.8.10
2025-06-11 11:25:01 App is up to date.
2025-06-11 15:33:52 Checking for update using Github
2025-06-11 15:33:53 Success.
2025-06-11 15:33:53 Latest version is 1.8.10
2025-06-11 15:33:53 App is up to date.
2025-06-11 16:33:52 Checking for update using Github
2025-06-11 16:33:53 Success.
2025-06-11 16:33:53 Latest version is 1.8.10
2025-06-11 16:33:53 App is up to date.
2025-06-11 17:33:52 Checking for update using Github
2025-06-11 17:33:53 Success.
2025-06-11 17:33:53 Latest version is 1.8.10
2025-06-11 17:33:53 App is up to date.
2025-06-11 18:33:52 Checking for update using Github
2025-06-11 18:33:53 Success.
2025-06-11 18:33:53 Latest version is 1.8.10
2025-06-11 18:33:53 App is up to date.
2025-06-12 04:46:59 Checking for update using Github
2025-06-12 04:46:59 Success.
2025-06-12 04:46:59 Latest version is 1.8.10
2025-06-12 04:46:59 App is up to date.
2025-06-12 14:04:50 Checking for update using Github
2025-06-12 14:04:55 Success.
2025-06-12 14:04:55 Latest version is 1.8.10
2025-06-12 14:04:55 App is up to date.
2025-06-12 16:44:03 Checking for update using Github
2025-06-12 16:44:04 Success.
2025-06-12 16:44:04 Latest version is 1.8.10
2025-06-12 16:44:04 App is up to date.
2025-06-12 17:44:03 Checking for update using Github
2025-06-12 17:44:04 Success.
2025-06-12 17:44:04 Latest version is 1.8.10
2025-06-12 17:44:04 App is up to date.
2025-06-13 05:43:05 Loading main app package /usr/lib/obsidian/obsidian.asar
2025-06-13 05:43:05 Checking for update using Github
2025-06-13 05:43:05 Success.
2025-06-13 05:43:05 Latest version is 1.8.10
2025-06-13 05:43:05 App is up to date.
2025-06-13 06:43:05 Checking for update using Github
2025-06-13 06:43:05 Success.
2025-06-13 06:43:05 Latest version is 1.8.10
2025-06-13 06:43:05 App is up to date.
2025-06-13 15:11:42 Checking for update using Github
2025-06-13 15:11:42 Success.
2025-06-13 15:11:42 Latest version is 1.8.10
2025-06-13 15:11:42 App is up to date.
2025-06-13 16:11:42 Checking for update using Github
2025-06-13 16:11:43 Success.
2025-06-13 16:11:43 Latest version is 1.8.10
2025-06-13 16:11:43 App is up to date.
2025-06-13 17:11:42 Checking for update using Github
2025-06-13 17:11:42 Success.
2025-06-13 17:11:42 Latest version is 1.8.10
2025-06-13 17:11:42 App is up to date.
2025-06-13 18:11:42 Checking for update using Github
2025-06-13 18:11:42 Success.
2025-06-13 18:11:42 Latest version is 1.8.10
2025-06-13 18:11:42 App is up to date.
2025-06-13 18:42:09 Loading main app package /usr/lib/obsidian/obsidian.asar
2025-06-13 18:42:09 Checking for update using Github
2025-06-13 19:11:42 Checking for update using Github
2025-06-13 19:11:43 Success.
2025-06-13 19:11:43 Latest version is 1.8.10
2025-06-13 19:11:43 App is up to date.
2025-06-14 05:42:40 Checking for update using Github
2025-06-14 05:42:40 Success.
2025-06-14 05:42:40 Latest version is 1.8.10
2025-06-14 05:42:40 App is up to date.
2025-06-14 06:54:12 Checking for update using Github
2025-06-14 06:54:12 Success.
2025-06-14 06:54:12 Latest version is 1.8.10
2025-06-14 06:54:12 App is up to date.
2025-06-14 15:17:15 Checking for update using Github
2025-06-14 15:17:16 Success.
2025-06-14 15:17:16 Latest version is 1.8.10
2025-06-14 15:17:16 App is up to date.
2025-06-14 15:42:14 Loading main app package /usr/lib/obsidian/obsidian.asar
2025-06-14 15:42:14 Checking for update using Github
2025-06-14 16:31:33 Loading main app package /usr/lib/obsidian/obsidian.asar
2025-06-14 16:31:34 Checking for update using Github
2025-06-14 16:31:34 Success.
2025-06-14 16:31:34 Latest version is 1.8.10
2025-06-14 16:31:34 App is up to date.
2025-06-14 17:31:33 Checking for update using Github
2025-06-14 17:31:34 Success.
2025-06-14 17:31:34 Latest version is 1.8.10
2025-06-14 17:31:34 App is up to date.
2025-06-14 18:31:33 Checking for update using Github
2025-06-14 18:31:34 Success.
2025-06-14 18:31:34 Latest version is 1.8.10
2025-06-14 18:31:34 App is up to date.
2025-06-14 19:31:33 Checking for update using Github
2025-06-14 19:31:34 Success.
2025-06-14 19:31:34 Latest version is 1.8.10
2025-06-14 19:31:34 App is up to date.
2025-06-14 20:31:33 Checking for update using Github
2025-06-14 20:31:33 Failed to check for update using Github (net::ERR_NETWORK_IO_SUSPENDED)
2025-06-14 20:31:33 Checking for update using obsidian.md
2025-06-15 06:05:07 Failed to check for update using obsidian.md (Unexpected end of JSON input)
2025-06-15 07:05:04 Checking for update using Github
2025-06-15 07:05:04 Success.
2025-06-15 07:05:04 Latest version is 1.8.10
2025-06-15 07:05:04 App is up to date.
2025-06-15 10:39:03 Checking for update using Github
2025-06-15 10:39:03 Success.
2025-06-15 10:39:03 Latest version is 1.8.10
2025-06-15 10:39:03 App is up to date.
2025-06-15 11:39:03 Checking for update using Github
2025-06-15 11:39:03 Success.
2025-06-15 11:39:03 Latest version is 1.8.10
2025-06-15 11:39:03 App is up to date.
2025-06-15 12:39:03 Checking for update using Github
2025-06-15 12:39:03 Success.
2025-06-15 12:39:03 Latest version is 1.8.10
2025-06-15 12:39:03 App is up to date.
2025-06-15 18:13:54 Checking for update using Github
2025-06-15 18:13:55 Success.
2025-06-15 18:13:55 Latest version is 1.8.10
2025-06-15 18:13:55 App is up to date.
2025-06-16 05:43:22 Checking for update using Github
2025-06-16 05:43:22 Success.
2025-06-16 05:43:22 Latest version is 1.8.10
2025-06-16 05:43:22 App is up to date.
2025-06-16 06:49:48 Checking for update using Github
2025-06-16 06:49:48 Success.
2025-06-16 06:49:48 Latest version is 1.8.10
2025-06-16 06:49:48 App is up to date.
2025-06-16 14:05:29 Checking for update using Github
2025-06-16 14:05:30 Success.
2025-06-16 14:05:30 Latest version is 1.8.10
2025-06-16 14:05:30 App is up to date.
2025-06-16 15:05:29 Checking for update using Github
2025-06-16 15:05:30 Success.
2025-06-16 15:05:30 Latest version is 1.8.10
2025-06-16 15:05:30 App is up to date.
2025-06-16 16:47:56 Checking for update using Github
2025-06-16 16:47:56 Success.
2025-06-16 16:47:56 Latest version is 1.8.10
2025-06-16 16:47:56 App is up to date.
2025-06-16 17:47:56 Checking for update using Github
2025-06-16 17:47:56 Success.
2025-06-16 17:47:56 Latest version is 1.8.10
2025-06-16 17:47:56 App is up to date.
2025-06-17 01:41:17 Checking for update using Github
2025-06-17 01:41:17 Success.
2025-06-17 01:41:17 Latest version is 1.8.10
2025-06-17 01:41:17 App is up to date.
2025-06-17 17:00:00 Checking for update using Github
2025-06-17 17:00:00 Success.
2025-06-17 17:00:00 Latest version is 1.8.10
2025-06-17 17:00:00 App is up to date.
2025-06-17 18:00:00 Checking for update using Github
2025-06-17 18:00:00 Success.
2025-06-17 18:00:00 Latest version is 1.8.10
2025-06-17 18:00:00 App is up to date.
2025-06-18 07:49:29 Checking for update using Github
2025-06-18 07:49:30 Success.
2025-06-18 07:49:30 Latest version is 1.8.10
2025-06-18 07:49:30 App is up to date.
2025-06-18 08:49:29 Checking for update using Github
2025-06-18 08:49:30 Success.
2025-06-18 08:49:30 Latest version is 1.8.10
2025-06-18 08:49:30 App is up to date.
2025-06-18 15:12:25 Checking for update using Github
2025-06-18 15:12:25 Success.
2025-06-18 15:12:25 Latest version is 1.8.10
2025-06-18 15:12:25 App is up to date.
2025-06-18 17:01:49 Checking for update using Github
2025-06-18 17:01:50 Success.
2025-06-18 17:01:50 Latest version is 1.8.10
2025-06-18 17:01:50 App is up to date.
2025-06-18 18:01:49 Checking for update using Github
2025-06-18 18:01:50 Success.
2025-06-18 18:01:50 Latest version is 1.8.10
2025-06-18 18:01:50 App is up to date.
2025-06-18 19:01:49 Checking for update using Github
2025-06-18 19:01:50 Success.
2025-06-18 19:01:50 Latest version is 1.8.10
2025-06-18 19:01:50 App is up to date.
2025-06-19 06:26:31 Checking for update using Github
2025-06-19 06:26:32 Success.
2025-06-19 06:26:32 Latest version is 1.8.10
2025-06-19 06:26:32 App is up to date.
2025-06-19 12:24:11 Checking for update using Github
2025-06-19 12:24:11 Success.
2025-06-19 12:24:11 Latest version is 1.8.10
2025-06-19 12:24:11 App is up to date.
2025-06-19 15:05:50 Checking for update using Github
2025-06-19 15:05:50 Success.
2025-06-19 15:05:50 Latest version is 1.8.10
2025-06-19 15:05:50 App is up to date.
2025-06-19 16:08:15 Checking for update using Github
2025-06-19 16:08:15 Success.
2025-06-19 16:08:15 Latest version is 1.8.10
2025-06-19 16:08:15 App is up to date.
2025-06-19 17:08:15 Checking for update using Github
2025-06-19 17:08:15 Success.
2025-06-19 17:08:15 Latest version is 1.8.10
2025-06-19 17:08:15 App is up to date.
2025-06-19 18:08:15 Checking for update using Github
2025-06-19 18:08:15 Success.
2025-06-19 18:08:15 Latest version is 1.8.10
2025-06-19 18:08:15 App is up to date.
2025-06-19 19:08:15 Checking for update using Github
2025-06-19 19:08:15 Success.
2025-06-19 19:08:15 Latest version is 1.8.10
2025-06-19 19:08:15 App is up to date.
2025-06-20 07:40:01 Checking for update using Github
2025-06-20 07:40:01 Success.
2025-06-20 07:40:01 Latest version is 1.8.10
2025-06-20 07:40:01 App is up to date.
2025-06-20 08:40:01 Checking for update using Github
2025-06-20 08:40:01 Success.
2025-06-20 08:40:01 Latest version is 1.8.10
2025-06-20 08:40:01 App is up to date.
2025-06-20 09:40:01 Checking for update using Github
2025-06-20 09:40:01 Success.
2025-06-20 09:40:01 Latest version is 1.8.10
2025-06-20 09:40:01 App is up to date.
2025-06-20 14:31:05 Checking for update using Github
2025-06-20 14:31:05 Success.
2025-06-20 14:31:05 Latest version is 1.8.10
2025-06-20 14:31:05 App is up to date.
2025-06-20 15:31:05 Checking for update using Github
2025-06-20 15:31:05 Success.
2025-06-20 15:31:05 Latest version is 1.8.10
2025-06-20 15:31:05 App is up to date.
2025-06-20 16:31:13 Checking for update using Github
2025-06-20 16:31:13 Success.
2025-06-20 16:31:13 Latest version is 1.8.10
2025-06-20 16:31:13 App is up to date.
2025-06-20 17:31:13 Checking for update using Github
2025-06-20 17:31:14 Success.
2025-06-20 17:31:14 Latest version is 1.8.10
2025-06-20 17:31:14 App is up to date.
2025-06-20 18:31:13 Checking for update using Github
2025-06-20 18:31:14 Success.
2025-06-20 18:31:14 Latest version is 1.8.10
2025-06-20 18:31:14 App is up to date.
2025-06-20 19:31:13 Checking for update using Github
2025-06-20 19:31:13 Success.
2025-06-20 19:31:13 Latest version is 1.8.10
2025-06-20 19:31:13 App is up to date.
2025-06-20 20:31:13 Checking for update using Github
2025-06-20 20:31:13 Success.
2025-06-20 20:31:13 Latest version is 1.8.10
2025-06-20 20:31:13 App is up to date.
2025-06-21 15:12:22 Checking for update using Github
2025-06-21 15:12:22 Success.
2025-06-21 15:12:22 Latest version is 1.8.10
2025-06-21 15:12:22 App is up to date.
2025-06-21 16:14:37 Checking for update using Github
2025-06-21 16:14:37 Success.
2025-06-21 16:14:37 Latest version is 1.8.10
2025-06-21 16:14:37 App is up to date.
2025-06-21 17:14:37 Checking for update using Github
2025-06-21 17:14:37 Success.
2025-06-21 17:14:37 Latest version is 1.8.10
2025-06-21 17:14:37 App is up to date.
2025-06-22 06:12:15 Checking for update using Github
2025-06-22 06:12:16 Success.
2025-06-22 06:12:16 Latest version is 1.8.10
2025-06-22 06:12:16 App is up to date.
2025-06-22 11:12:08 Loading main app package /usr/lib/obsidian/obsidian.asar
2025-06-22 11:12:08 Checking for update using Github
2025-06-22 11:12:08 Success.
2025-06-22 11:12:08 Latest version is 1.8.10
2025-06-22 11:12:08 App is up to date.
2025-06-22 12:13:16 Checking for update using Github
2025-06-22 12:13:16 Success.
2025-06-22 12:13:16 Latest version is 1.8.10
2025-06-22 12:13:16 App is up to date.
2025-06-22 15:43:02 Checking for update using Github
2025-06-22 15:43:02 Success.
2025-06-22 15:43:02 Latest version is 1.8.10
2025-06-22 15:43:02 App is up to date.
2025-06-22 17:32:43 Checking for update using Github
2025-06-22 17:32:43 Success.
2025-06-22 17:32:43 Latest version is 1.8.10
2025-06-22 17:32:43 App is up to date.
2025-06-22 18:32:43 Checking for update using Github
2025-06-22 18:32:43 Success.
2025-06-22 18:32:43 Latest version is 1.8.10
2025-06-22 18:32:43 App is up to date.
2025-06-22 19:32:43 Checking for update using Github
2025-06-22 19:32:43 Success.
2025-06-22 19:32:43 Latest version is 1.8.10
2025-06-22 19:32:43 App is up to date.
2025-06-23 06:09:22 Checking for update using Github
2025-06-23 06:09:22 Success.
2025-06-23 06:09:22 Latest version is 1.8.10
2025-06-23 06:09:22 App is up to date.
2025-06-23 07:41:04 Checking for update using Github
2025-06-23 07:41:04 Success.
2025-06-23 07:41:04 Latest version is 1.8.10
2025-06-23 07:41:04 App is up to date.
2025-06-23 08:41:04 Checking for update using Github
2025-06-23 08:41:04 Success.
2025-06-23 08:41:04 Latest version is 1.8.10
2025-06-23 08:41:04 App is up to date.
2025-06-23 15:29:55 Checking for update using Github
2025-06-23 15:29:55 Success.
2025-06-23 15:29:55 Latest version is 1.8.10
2025-06-23 15:29:55 App is up to date.
2025-06-23 16:29:55 Checking for update using Github
2025-06-23 16:29:55 Success.
2025-06-23 16:29:55 Latest version is 1.8.10
2025-06-23 16:29:55 App is up to date.
2025-06-23 17:29:55 Checking for update using Github
2025-06-23 17:29:55 Success.
2025-06-23 17:29:55 Latest version is 1.8.10
2025-06-23 17:29:55 App is up to date.
2025-06-23 18:29:55 Checking for update using Github
2025-06-23 18:29:55 Success.
2025-06-23 18:29:55 Latest version is 1.8.10
2025-06-23 18:29:55 App is up to date.
2025-06-23 19:29:55 Checking for update using Github
2025-06-23 19:29:55 Success.
2025-06-23 19:29:55 Latest version is 1.8.10
2025-06-23 19:29:55 App is up to date.
2025-06-24 06:25:13 Checking for update using Github
2025-06-24 06:25:15 Success.
2025-06-24 06:25:15 Latest version is 1.8.10
2025-06-24 06:25:15 App is up to date.
2025-06-24 15:30:05 Checking for update using Github
2025-06-24 15:30:05 Success.
2025-06-24 15:30:05 Latest version is 1.8.10
2025-06-24 15:30:05 App is up to date.
2025-06-25 05:22:58 Loading main app package /usr/lib/obsidian/obsidian.asar
2025-06-25 05:22:59 Checking for update using Github
2025-06-25 05:22:59 Success.
2025-06-25 05:22:59 Latest version is 1.8.10
2025-06-25 05:22:59 App is up to date.
2025-06-25 06:22:58 Checking for update using Github
2025-06-25 06:22:59 Success.
2025-06-25 06:22:59 Latest version is 1.8.10
2025-06-25 06:22:59 App is up to date.
2025-06-25 07:22:58 Checking for update using Github
2025-06-25 07:22:59 Success.
2025-06-25 07:22:59 Latest version is 1.8.10
2025-06-25 07:22:59 App is up to date.
2025-06-25 16:25:26 Checking for update using Github
2025-06-25 16:25:26 Success.
2025-06-25 16:25:26 Latest version is 1.8.10
2025-06-25 16:25:26 App is up to date.
2025-06-25 17:25:26 Checking for update using Github
2025-06-25 17:25:26 Success.
2025-06-25 17:25:26 Latest version is 1.8.10
2025-06-25 17:25:26 App is up to date.
2025-06-25 18:25:26 Checking for update using Github
2025-06-25 18:25:26 Success.
2025-06-25 18:25:26 Latest version is 1.8.10
2025-06-25 18:25:26 App is up to date.
2025-06-25 19:25:26 Checking for update using Github
2025-06-25 19:25:26 Success.
2025-06-25 19:25:26 Latest version is 1.8.10
2025-06-25 19:25:26 App is up to date.
2025-06-26 05:50:03 Checking for update using Github
2025-06-26 05:50:03 Success.
2025-06-26 05:50:03 Latest version is 1.8.10
2025-06-26 05:50:03 App is up to date.
2025-06-26 15:13:57 Checking for update using Github
2025-06-26 15:13:57 Success.
2025-06-26 15:13:57 Latest version is 1.8.10
2025-06-26 15:13:57 App is up to date.
2025-06-27 04:50:00 Checking for update using Github
2025-06-27 04:50:00 Success.
2025-06-27 04:50:00 Latest version is 1.8.10
2025-06-27 04:50:00 App is up to date.
2025-06-27 05:50:00 Checking for update using Github
2025-06-27 05:50:00 Success.
2025-06-27 05:50:00 Latest version is 1.8.10
2025-06-27 05:50:00 App is up to date.
2025-06-27 06:50:00 Checking for update using Github
2025-06-27 06:50:00 Success.
2025-06-27 06:50:00 Latest version is 1.8.10
2025-06-27 06:50:00 App is up to date.
2025-06-27 10:51:51 Checking for update using Github
2025-06-27 10:51:51 Success.
2025-06-27 10:51:51 Latest version is 1.8.10
2025-06-27 10:51:51 App is up to date.
2025-06-27 11:51:51 Checking for update using Github
2025-06-27 11:51:51 Success.
2025-06-27 11:51:51 Latest version is 1.8.10
2025-06-27 11:51:51 App is up to date.
2025-06-27 12:51:51 Checking for update using Github
2025-06-27 12:51:51 Success.
2025-06-27 12:51:51 Latest version is 1.8.10
2025-06-27 12:51:51 App is up to date.
2025-06-27 17:07:03 Checking for update using Github
2025-06-27 17:07:04 Success.
2025-06-27 17:07:04 Latest version is 1.8.10
2025-06-27 17:07:04 App is up to date.
2025-06-27 18:07:03 Checking for update using Github
2025-06-27 18:07:04 Success.
2025-06-27 18:07:04 Latest version is 1.8.10
2025-06-27 18:07:04 App is up to date.
2025-06-27 19:07:04 Checking for update using Github
2025-06-27 19:07:04 Success.
2025-06-27 19:07:04 Latest version is 1.8.10
2025-06-27 19:07:04 App is up to date.
2025-06-28 08:54:13 Checking for update using Github
2025-06-28 08:54:13 Success.
2025-06-28 08:54:13 Latest version is 1.8.10
2025-06-28 08:54:13 App is up to date.
2025-06-28 09:54:13 Checking for update using Github
2025-06-28 09:54:13 Success.
2025-06-28 09:54:13 Latest version is 1.8.10
2025-06-28 09:54:13 App is up to date.
2025-06-28 10:54:13 Checking for update using Github
2025-06-28 10:54:13 Success.
2025-06-28 10:54:13 Latest version is 1.8.10
2025-06-28 10:54:13 App is up to date.
2025-06-28 11:54:13 Checking for update using Github
2025-06-28 11:54:13 Success.
2025-06-28 11:54:13 Latest version is 1.8.10
2025-06-28 11:54:13 App is up to date.
2025-06-28 15:41:13 Checking for update using Github
2025-06-28 15:41:13 Success.
2025-06-28 15:41:13 Latest version is 1.8.10
2025-06-28 15:41:13 App is up to date.
2025-06-28 16:41:13 Checking for update using Github
2025-06-28 16:41:13 Success.
2025-06-28 16:41:13 Latest version is 1.8.10
2025-06-28 16:41:13 App is up to date.
2025-06-28 17:41:13 Checking for update using Github
2025-06-28 17:41:13 Success.
2025-06-28 17:41:13 Latest version is 1.8.10
2025-06-28 17:41:13 App is up to date.
2025-06-28 18:41:13 Checking for update using Github
2025-06-28 18:41:13 Success.
2025-06-28 18:41:13 Latest version is 1.8.10
2025-06-28 18:41:13 App is up to date.
2025-06-29 07:53:44 Checking for update using Github
2025-06-29 07:53:45 Success.
2025-06-29 07:53:45 Latest version is 1.8.10
2025-06-29 07:53:45 App is up to date.
2025-06-29 11:58:46 Checking for update using Github
2025-06-29 11:58:47 Success.
2025-06-29 11:58:47 Latest version is 1.8.10
2025-06-29 11:58:47 App is up to date.
2025-06-29 12:58:47 Checking for update using Github
2025-06-29 12:58:47 Success.
2025-06-29 12:58:47 Latest version is 1.8.10
2025-06-29 12:58:47 App is up to date.
2025-06-29 13:58:47 Checking for update using Github
2025-06-29 13:58:47 Success.
2025-06-29 13:58:47 Latest version is 1.8.10
2025-06-29 13:58:47 App is up to date.
2025-06-29 17:18:34 Checking for update using Github
2025-06-29 17:18:34 Success.
2025-06-29 17:18:34 Latest version is 1.8.10
2025-06-29 17:18:34 App is up to date.
2025-06-29 18:18:34 Checking for update using Github
2025-06-29 18:18:34 Success.
2025-06-29 18:18:34 Latest version is 1.8.10
2025-06-29 18:18:34 App is up to date.
2025-06-29 19:18:34 Checking for update using Github
2025-06-29 19:18:34 Success.
2025-06-29 19:18:34 Latest version is 1.8.10
2025-06-29 19:18:34 App is up to date.
2025-06-30 06:06:29 Checking for update using Github
2025-06-30 06:06:29 Success.
2025-06-30 06:06:29 Latest version is 1.8.10
2025-06-30 06:06:29 App is up to date.
2025-06-30 11:10:34 Checking for update using Github
2025-06-30 11:10:34 Success.
2025-06-30 11:10:34 Latest version is 1.8.10
2025-06-30 11:10:34 App is up to date.
2025-06-30 12:10:34 Checking for update using Github
2025-06-30 12:10:35 Success.
2025-06-30 12:10:35 Latest version is 1.8.10
2025-06-30 12:10:35 App is up to date.
2025-06-30 13:10:34 Checking for update using Github
2025-06-30 13:10:35 Success.
2025-06-30 13:10:35 Latest version is 1.8.10
2025-06-30 13:10:35 App is up to date.
2025-06-30 17:10:31 Checking for update using Github
2025-06-30 17:10:31 Success.
2025-06-30 17:10:31 Latest version is 1.8.10
2025-06-30 17:10:31 App is up to date.
2025-06-30 18:16:22 Loading main app package /usr/lib/obsidian/obsidian.asar
2025-06-30 18:16:22 Checking for update using Github
2025-06-30 18:16:22 Success.
2025-06-30 18:16:22 Latest version is 1.8.10
2025-06-30 18:16:22 App is up to date.
2025-06-30 19:16:22 Checking for update using Github
2025-06-30 19:16:22 Success.
2025-06-30 19:16:22 Latest version is 1.8.10
2025-06-30 19:16:22 App is up to date.
2025-07-01 05:02:33 Checking for update using Github
2025-07-01 05:02:34 Success.
2025-07-01 05:02:34 Latest version is 1.8.10
2025-07-01 05:02:34 App is up to date.
2025-07-01 10:30:00 Checking for update using Github
2025-07-01 10:30:00 Success.
2025-07-01 10:30:00 Latest version is 1.8.10
2025-07-01 10:30:00 App is up to date.
2025-07-01 17:56:21 Checking for update using Github
2025-07-01 17:56:22 Success.
2025-07-01 17:56:22 Latest version is 1.8.10
2025-07-01 17:56:22 App is up to date.
2025-07-01 18:56:21 Checking for update using Github
2025-07-01 18:56:22 Success.
2025-07-01 18:56:22 Latest version is 1.8.10
2025-07-01 18:56:22 App is up to date.
2025-07-02 05:27:19 Checking for update using Github
2025-07-02 05:27:19 Success.
2025-07-02 05:27:19 Latest version is 1.8.10
2025-07-02 05:27:19 App is up to date.
2025-07-02 06:43:04 Checking for update using Github
2025-07-02 06:43:04 Success.
2025-07-02 06:43:04 Latest version is 1.8.10
2025-07-02 06:43:04 App is up to date.
2025-07-02 07:43:04 Checking for update using Github
2025-07-02 07:43:04 Success.
2025-07-02 07:43:04 Latest version is 1.8.10
2025-07-02 07:43:04 App is up to date.
2025-07-02 14:40:09 Checking for update using Github
2025-07-02 14:40:09 Success.
2025-07-02 14:40:09 Latest version is 1.8.10
2025-07-02 14:40:09 App is up to date.
2025-07-02 17:14:37 Checking for update using Github
2025-07-02 17:14:37 Success.
2025-07-02 17:14:37 Latest version is 1.8.10
2025-07-02 17:14:37 App is up to date.
2025-07-02 18:14:37 Checking for update using Github
2025-07-02 18:14:37 Success.
2025-07-02 18:14:37 Latest version is 1.8.10
2025-07-02 18:14:37 App is up to date.
2025-07-02 21:56:30 Checking for update using Github
2025-07-02 21:56:30 Success.
2025-07-02 21:56:30 Latest version is 1.8.10
2025-07-02 21:56:30 App is up to date.
2025-07-02 22:56:30 Checking for update using Github
2025-07-02 22:56:30 Success.
2025-07-02 22:56:30 Latest version is 1.8.10
2025-07-02 22:56:30 App is up to date.
2025-07-02 23:56:30 Checking for update using Github
2025-07-02 23:56:30 Success.
2025-07-02 23:56:30 Latest version is 1.8.10
2025-07-02 23:56:30 App is up to date.
2025-07-03 13:32:30 Checking for update using Github
2025-07-03 13:32:30 Success.
2025-07-03 13:32:30 Latest version is 1.8.10
2025-07-03 13:32:30 App is up to date.
2025-07-03 15:18:00 Checking for update using Github
2025-07-03 15:18:00 Success.
2025-07-03 15:18:00 Latest version is 1.8.10
2025-07-03 15:18:00 App is up to date.
2025-07-03 17:02:08 Checking for update using Github
2025-07-03 17:02:09 Success.
2025-07-03 17:02:09 Latest version is 1.8.10
2025-07-03 17:02:09 App is up to date.
2025-07-03 18:02:08 Checking for update using Github
2025-07-03 18:02:08 Success.
2025-07-03 18:02:08 Latest version is 1.8.10
2025-07-03 18:02:08 App is up to date.
2025-07-04 08:48:17 Checking for update using Github
2025-07-04 08:48:17 Success.
2025-07-04 08:48:17 Latest version is 1.8.10
2025-07-04 08:48:17 App is up to date.
2025-07-04 09:48:17 Checking for update using Github
2025-07-04 09:48:17 Success.
2025-07-04 09:48:17 Latest version is 1.8.10
2025-07-04 09:48:17 App is up to date.
2025-07-04 10:48:17 Checking for update using Github
2025-07-04 10:48:17 Success.
2025-07-04 10:48:17 Latest version is 1.8.10
2025-07-04 10:48:17 App is up to date.
2025-07-04 11:48:17 Checking for update using Github
2025-07-04 11:48:17 Success.
2025-07-04 11:48:17 Latest version is 1.8.10
2025-07-04 11:48:17 App is up to date.
2025-07-04 13:56:04 Checking for update using Github
2025-07-04 13:56:05 Success.
2025-07-04 13:56:05 Latest version is 1.8.10
2025-07-04 13:56:05 App is up to date.
2025-07-04 15:29:15 Checking for update using Github
2025-07-04 15:29:15 Success.
2025-07-04 15:29:15 Latest version is 1.8.10
2025-07-04 15:29:15 App is up to date.
2025-07-04 17:26:52 Checking for update using Github
2025-07-04 17:26:53 Success.
2025-07-04 17:26:53 Latest version is 1.8.10
2025-07-04 17:26:53 App is up to date.
2025-07-04 18:26:52 Checking for update using Github
2025-07-04 18:26:53 Success.
2025-07-04 18:26:53 Latest version is 1.8.10
2025-07-04 18:26:53 App is up to date.
2025-07-04 19:26:52 Checking for update using Github
2025-07-04 19:26:53 Success.
2025-07-04 19:26:53 Latest version is 1.8.10
2025-07-04 19:26:53 App is up to date.
2025-07-05 06:34:49 Checking for update using Github
2025-07-05 06:34:49 Success.
2025-07-05 06:34:49 Latest version is 1.8.10
2025-07-05 06:34:49 App is up to date.
2025-07-05 07:34:49 Checking for update using Github
2025-07-05 07:34:49 Success.
2025-07-05 07:34:49 Latest version is 1.8.10
2025-07-05 07:34:49 App is up to date.
2025-07-05 13:15:28 Checking for update using Github
2025-07-05 13:15:28 Success.
2025-07-05 13:15:28 Latest version is 1.8.10
2025-07-05 13:15:28 App is up to date.
2025-07-05 14:55:29 Checking for update using Github
2025-07-05 14:55:30 Success.
2025-07-05 14:55:30 Latest version is 1.8.10
2025-07-05 14:55:30 App is up to date.
2025-07-05 16:40:11 Checking for update using Github
2025-07-05 16:40:11 Success.
2025-07-05 16:40:11 Latest version is 1.8.10
2025-07-05 16:40:11 App is up to date.
2025-07-05 17:40:11 Checking for update using Github
2025-07-05 17:40:11 Success.
2025-07-05 17:40:11 Latest version is 1.8.10
2025-07-05 17:40:11 App is up to date.
2025-07-05 18:40:11 Checking for update using Github
2025-07-05 18:40:11 Success.
2025-07-05 18:40:11 Latest version is 1.8.10
2025-07-05 18:40:11 App is up to date.
2025-07-05 19:40:11 Checking for update using Github
2025-07-05 19:40:11 Success.
2025-07-05 19:40:11 Latest version is 1.8.10
2025-07-05 19:40:11 App is up to date.
2025-07-06 10:19:15 Checking for update using Github
2025-07-06 10:19:15 Success.
2025-07-06 10:19:15 Latest version is 1.8.10
2025-07-06 10:19:15 App is up to date.
2025-07-06 18:08:13 Checking for update using Github
2025-07-06 18:08:13 Success.
2025-07-06 18:08:13 Latest version is 1.8.10
2025-07-06 18:08:13 App is up to date.
2025-07-06 19:08:13 Checking for update using Github
2025-07-06 19:08:13 Success.
2025-07-06 19:08:13 Latest version is 1.8.10
2025-07-06 19:08:13 App is up to date.
2025-07-06 20:08:13 Checking for update using Github
2025-07-06 20:08:13 Success.
2025-07-06 20:08:13 Latest version is 1.8.10
2025-07-06 20:08:13 App is up to date.
2025-07-06 21:08:13 Checking for update using Github
2025-07-06 21:08:13 Success.
2025-07-06 21:08:13 Latest version is 1.8.10
2025-07-06 21:08:13 App is up to date.
2025-07-07 19:26:59 Checking for update using Github
2025-07-07 19:26:59 Success.
2025-07-07 19:26:59 Latest version is 1.8.10
2025-07-07 19:26:59 App is up to date.
2025-07-07 20:26:59 Checking for update using Github
2025-07-07 20:26:59 Success.
2025-07-07 20:26:59 Latest version is 1.8.10
2025-07-07 20:26:59 App is up to date.
2025-07-07 21:26:59 Checking for update using Github
2025-07-07 21:26:59 Success.
2025-07-07 21:26:59 Latest version is 1.8.10
2025-07-07 21:26:59 App is up to date.
2025-07-08 06:22:59 Checking for update using Github
2025-07-08 06:22:59 Success.
2025-07-08 06:22:59 Latest version is 1.8.10
2025-07-08 06:22:59 App is up to date.
2025-07-08 10:13:46 Checking for update using Github
2025-07-08 10:13:46 Success.
2025-07-08 10:13:46 Latest version is 1.8.10
2025-07-08 10:13:46 App is up to date.
2025-07-08 10:56:57 Loading main app package /usr/lib/obsidian/obsidian.asar
2025-07-08 10:56:57 Checking for update using Github
2025-07-08 10:56:58 Success.
2025-07-08 10:56:58 Latest version is 1.8.10
2025-07-08 10:56:58 App is up to date.
2025-07-08 12:13:52 Checking for update using Github
2025-07-08 12:13:52 Success.
2025-07-08 12:13:52 Latest version is 1.8.10
2025-07-08 12:13:52 App is up to date.
2025-07-08 18:25:00 Checking for update using Github
2025-07-08 18:25:01 Success.
2025-07-08 18:25:01 Latest version is 1.8.10
2025-07-08 18:25:01 App is up to date.
2025-07-12 18:06:27 Loading main app package /usr/lib/obsidian/obsidian.asar
2025-07-12 18:06:28 Checking for update using Github
2025-07-12 18:06:28 Success.
2025-07-12 18:06:28 Latest version is 1.8.10
2025-07-12 18:06:28 App is up to date.
2025-07-12 19:06:27 Checking for update using Github
2025-07-12 19:06:28 Success.
2025-07-12 19:06:28 Latest version is 1.8.10
2025-07-12 19:06:28 App is up to date.
2025-07-13 10:15:23 Checking for update using Github
2025-07-13 10:15:23 Success.
2025-07-13 10:15:23 Latest version is 1.8.10
2025-07-13 10:15:23 App is up to date.
2025-07-13 16:36:44 Checking for update using Github
2025-07-13 16:36:44 Success.
2025-07-13 16:36:44 Latest version is 1.8.10
2025-07-13 16:36:44 App is up to date.
2025-07-13 17:52:42 Checking for update using Github
2025-07-13 17:52:42 Success.
2025-07-13 17:52:42 Latest version is 1.8.10
2025-07-13 17:52:42 App is up to date.
2025-07-13 18:52:42 Checking for update using Github
2025-07-13 18:52:42 Success.
2025-07-13 18:52:42 Latest version is 1.8.10
2025-07-13 18:52:42 App is up to date.
2025-07-13 19:52:42 Checking for update using Github
2025-07-13 19:52:42 Success.
2025-07-13 19:52:42 Latest version is 1.8.10
2025-07-13 19:52:42 App is up to date.
2025-07-13 23:43:30 Checking for update using Github
2025-07-13 23:43:30 Success.
2025-07-13 23:43:30 Latest version is 1.8.10
2025-07-13 23:43:30 App is up to date.
2025-07-14 08:20:50 Checking for update using Github
2025-07-14 08:20:50 Success.
2025-07-14 08:20:50 Latest version is 1.8.10
2025-07-14 08:20:50 App is up to date.
2025-07-14 17:24:02 Checking for update using Github
2025-07-14 17:24:02 Success.
2025-07-14 17:24:02 Latest version is 1.8.10
2025-07-14 17:24:02 App is up to date.
2025-07-14 18:24:02 Checking for update using Github
2025-07-14 18:24:02 Success.
2025-07-14 18:24:02 Latest version is 1.8.10
2025-07-14 18:24:02 App is up to date.
2025-07-14 19:24:02 Checking for update using Github
2025-07-14 19:24:02 Success.
2025-07-14 19:24:02 Latest version is 1.8.10
2025-07-14 19:24:02 App is up to date.
2025-07-15 16:28:33 Checking for update using Github
2025-07-15 16:28:34 Success.
2025-07-15 16:28:34 Latest version is 1.8.10
2025-07-15 16:28:34 App is up to date.
2025-07-15 17:28:33 Checking for update using Github
2025-07-15 17:28:34 Success.
2025-07-15 17:28:34 Latest version is 1.8.10
2025-07-15 17:28:34 App is up to date.
2025-07-16 18:50:23 Loading main app package /usr/lib/obsidian/obsidian.asar
2025-07-16 18:50:23 Checking for update using Github
2025-07-16 18:50:24 Success.
2025-07-16 18:50:24 Latest version is 1.8.10
2025-07-16 18:50:24 App is up to date.
2025-07-16 19:50:23 Checking for update using Github
2025-07-16 19:50:23 Success.
2025-07-16 19:50:23 Latest version is 1.8.10
2025-07-16 19:50:23 App is up to date.
2025-07-17 01:14:46 Checking for update using Github
2025-07-17 01:14:47 Success.
2025-07-17 01:14:47 Latest version is 1.8.10
2025-07-17 01:14:47 App is up to date.
2025-07-17 05:05:07 Checking for update using Github
2025-07-17 05:05:07 Success.
2025-07-17 05:05:07 Latest version is 1.8.10
2025-07-17 05:05:07 App is up to date.
2025-07-17 09:53:28 Loading main app package /usr/lib/obsidian/obsidian.asar
2025-07-17 09:53:29 Checking for update using Github
2025-07-17 09:53:29 Success.
2025-07-17 09:53:29 Latest version is 1.8.10
2025-07-17 09:53:29 App is up to date.
2025-07-17 10:53:28 Checking for update using Github
2025-07-17 10:53:28 Success.
2025-07-17 10:53:28 Latest version is 1.8.10
2025-07-17 10:53:28 App is up to date.
2025-07-17 17:00:31 Checking for update using Github
2025-07-17 17:00:31 Success.
2025-07-17 17:00:31 Latest version is 1.8.10
2025-07-17 17:00:31 App is up to date.
2025-07-17 18:00:31 Checking for update using Github
2025-07-17 18:00:31 Success.
2025-07-17 18:00:31 Latest version is 1.8.10
2025-07-17 18:00:31 App is up to date.
2025-07-17 19:00:31 Checking for update using Github
2025-07-17 19:00:31 Success.
2025-07-17 19:00:31 Latest version is 1.8.10
2025-07-17 19:00:31 App is up to date.
2025-07-18 11:41:04 Checking for update using Github
2025-07-18 11:41:05 Success.
2025-07-18 11:41:05 Latest version is 1.8.10
2025-07-18 11:41:05 App is up to date.
2025-07-18 14:22:06 Checking for update using Github
2025-07-18 14:22:07 Success.
2025-07-18 14:22:07 Latest version is 1.8.10
2025-07-18 14:22:07 App is up to date.
2025-07-18 16:03:44 Checking for update using Github
2025-07-18 16:03:44 Success.
2025-07-18 16:03:44 Latest version is 1.8.10
2025-07-18 16:03:44 App is up to date.
2025-07-18 17:03:44 Checking for update using Github
2025-07-18 17:03:44 Success.
2025-07-18 17:03:44 Latest version is 1.8.10
2025-07-18 17:03:44 App is up to date.
2025-07-18 17:34:11 Loading main app package /usr/lib/obsidian/obsidian.asar
2025-07-18 17:34:11 Checking for update using Github
2025-07-18 17:34:11 Success.
2025-07-18 17:34:11 Latest version is 1.8.10
2025-07-18 17:34:11 App is up to date.
2025-07-18 18:03:39 Loading main app package /usr/lib/obsidian/obsidian.asar
2025-07-18 18:03:39 Checking for update using Github
2025-07-18 18:03:39 Success.
2025-07-18 18:03:39 Latest version is 1.8.10
2025-07-18 18:03:39 App is up to date.
2025-07-18 18:08:43 Loading main app package /usr/lib/obsidian/obsidian.asar
2025-07-18 18:08:43 Checking for update using Github
2025-07-18 18:08:43 Success.
2025-07-18 18:08:43 Latest version is 1.8.10
2025-07-18 18:08:43 App is up to date.
2025-07-18 18:09:31 Loading main app package /usr/lib/obsidian/obsidian.asar
2025-07-18 18:09:32 Checking for update using Github
2025-07-18 18:09:32 Success.
2025-07-18 18:09:32 Latest version is 1.8.10
2025-07-18 18:09:32 App is up to date.
2025-07-18 18:10:11 Loading main app package /usr/lib/obsidian/obsidian.asar
2025-07-18 18:10:12 Checking for update using Github
2025-07-18 18:10:12 Success.
2025-07-18 18:10:12 Latest version is 1.8.10
2025-07-18 18:10:12 App is up to date.
2025-07-18 18:10:38 Loading main app package /usr/lib/obsidian/obsidian.asar
2025-07-18 18:10:38 Checking for update using Github
2025-07-18 18:10:38 Success.
2025-07-18 18:10:38 Latest version is 1.8.10
2025-07-18 18:10:38 App is up to date.
2025-07-18 18:11:50 Loading main app package /usr/lib/obsidian/obsidian.asar
2025-07-18 18:11:51 Checking for update using Github
2025-07-18 18:11:51 Success.
2025-07-18 18:11:51 Latest version is 1.8.10
2025-07-18 18:11:51 App is up to date.
2025-07-18 18:17:56 Loading main app package /usr/lib/obsidian/obsidian.asar
2025-07-18 18:17:57 Checking for update using Github
2025-07-18 18:17:57 Success.
2025-07-18 18:17:57 Latest version is 1.8.10
2025-07-18 18:17:57 App is up to date.
2025-07-18 18:19:01 Loading main app package /usr/lib/obsidian/obsidian.asar
2025-07-18 18:19:01 Checking for update using Github
2025-07-18 18:19:01 Success.
2025-07-18 18:19:01 Latest version is 1.8.10
2025-07-18 18:19:01 App is up to date.
2025-07-18 19:19:01 Checking for update using Github
2025-07-18 19:19:01 Success.
2025-07-18 19:19:01 Latest version is 1.8.10
2025-07-18 19:19:01 App is up to date.
2025-07-19 05:17:23 Checking for update using Github
2025-07-19 05:17:24 Success.
2025-07-19 05:17:24 Latest version is 1.8.10
2025-07-19 05:17:24 App is up to date.
2025-07-19 05:52:01 Loading main app package /usr/lib/obsidian/obsidian.asar
2025-07-19 05:52:01 Checking for update using Github
2025-07-19 05:52:02 Success.
2025-07-19 05:52:02 Latest version is 1.8.10
2025-07-19 05:52:02 App is up to date.
2025-07-19 05:53:51 Loading main app package /usr/lib/obsidian/obsidian.asar
2025-07-19 05:53:51 Checking for update using Github
2025-07-19 05:53:51 Success.
2025-07-19 05:53:51 Latest version is 1.8.10
2025-07-19 05:53:51 App is up to date.
2025-07-19 09:10:18 Checking for update using Github
2025-07-19 09:10:19 Success.
2025-07-19 09:10:19 Latest version is 1.8.10
2025-07-19 09:10:19 App is up to date.
2025-07-19 10:10:18 Checking for update using Github
2025-07-19 10:10:19 Success.
2025-07-19 10:10:19 Latest version is 1.8.10
2025-07-19 10:10:19 App is up to date.
2025-07-19 11:10:18 Checking for update using Github
2025-07-19 11:10:19 Success.
2025-07-19 11:10:19 Latest version is 1.8.10
2025-07-19 11:10:19 App is up to date.
2025-07-19 16:53:31 Checking for update using Github
2025-07-19 16:53:31 Success.
2025-07-19 16:53:31 Latest version is 1.8.10
2025-07-19 16:53:31 App is up to date.
2025-07-19 17:53:31 Checking for update using Github
2025-07-19 17:53:31 Success.
2025-07-19 17:53:31 Latest version is 1.8.10
2025-07-19 17:53:31 App is up to date.
2025-07-19 18:53:31 Checking for update using Github
2025-07-19 18:53:31 Success.
2025-07-19 18:53:31 Latest version is 1.8.10
2025-07-19 18:53:31 App is up to date.
2025-07-19 22:03:46 Checking for update using Github
2025-07-19 22:03:46 Success.
2025-07-19 22:03:46 Latest version is 1.8.10
2025-07-19 22:03:46 App is up to date.
2025-07-20 15:14:33 Checking for update using Github
2025-07-20 15:14:33 Success.
2025-07-20 15:14:33 Latest version is 1.8.10
2025-07-20 15:14:33 App is up to date.
2025-07-20 16:14:33 Checking for update using Github
2025-07-20 16:14:33 Success.
2025-07-20 16:14:33 Latest version is 1.8.10
2025-07-20 16:14:33 App is up to date.
2025-07-20 17:14:33 Checking for update using Github
2025-07-20 17:14:33 Success.
2025-07-20 17:14:33 Latest version is 1.8.10
2025-07-20 17:14:33 App is up to date.
2025-07-20 18:14:33 Checking for update using Github
2025-07-20 18:14:33 Success.
2025-07-20 18:14:33 Latest version is 1.8.10
2025-07-20 18:14:33 App is up to date.
2025-07-20 19:14:33 Checking for update using Github
2025-07-20 19:14:33 Success.
2025-07-20 19:14:33 Latest version is 1.8.10
2025-07-20 19:14:33 App is up to date.
2025-07-21 14:32:55 Checking for update using Github
2025-07-21 14:32:55 Success.
2025-07-21 14:32:55 Latest version is 1.8.10
2025-07-21 14:32:55 App is up to date.
2025-07-21 17:05:11 Checking for update using Github
2025-07-21 17:05:11 Success.
2025-07-21 17:05:11 Latest version is 1.8.10
2025-07-21 17:05:11 App is up to date.
2025-07-21 18:05:11 Checking for update using Github
2025-07-21 18:05:11 Success.
2025-07-21 18:05:11 Latest version is 1.8.10
2025-07-21 18:05:11 App is up to date.
2025-07-21 19:05:11 Checking for update using Github
2025-07-21 19:05:11 Success.
2025-07-21 19:05:11 Latest version is 1.8.10
2025-07-21 19:05:11 App is up to date.
2025-07-22 16:35:49 Checking for update using Github
2025-07-22 16:35:50 Success.
2025-07-22 16:35:50 Latest version is 1.8.10
2025-07-22 16:35:50 App is up to date.
2025-07-22 17:35:49 Checking for update using Github
2025-07-22 17:35:50 Success.
2025-07-22 17:35:50 Latest version is 1.8.10
2025-07-22 17:35:50 App is up to date.
2025-07-22 18:35:49 Checking for update using Github
2025-07-22 18:35:50 Success.
2025-07-22 18:35:50 Latest version is 1.8.10
2025-07-22 18:35:50 App is up to date.
2025-07-22 19:35:50 Checking for update using Github
2025-07-22 19:35:50 Success.
2025-07-22 19:35:50 Latest version is 1.8.10
2025-07-22 19:35:50 App is up to date.
2025-07-22 20:35:50 Checking for update using Github
2025-07-22 20:35:50 Success.
2025-07-22 20:35:50 Latest version is 1.8.10
2025-07-22 20:35:50 App is up to date.
2025-07-23 07:57:17 Checking for update using Github
2025-07-23 07:57:17 Success.
2025-07-23 07:57:17 Latest version is 1.8.10
2025-07-23 07:57:17 App is up to date.
2025-07-23 14:54:24 Checking for update using Github
2025-07-23 14:54:25 Success.
2025-07-23 14:54:25 Latest version is 1.8.10
2025-07-23 14:54:25 App is up to date.
2025-07-23 15:54:25 Checking for update using Github
2025-07-23 15:54:25 Success.
2025-07-23 15:54:25 Latest version is 1.8.10
2025-07-23 15:54:25 App is up to date.
2025-07-23 16:54:25 Checking for update using Github
2025-07-23 16:54:25 Success.
2025-07-23 16:54:25 Latest version is 1.8.10
2025-07-23 16:54:25 App is up to date.
2025-07-23 17:54:25 Checking for update using Github
2025-07-23 17:54:25 Success.
2025-07-23 17:54:25 Latest version is 1.8.10
2025-07-23 17:54:25 App is up to date.
2025-07-24 12:31:17 Checking for update using Github
2025-07-24 12:31:18 Success.
2025-07-24 12:31:18 Latest version is 1.8.10
2025-07-24 12:31:18 App is up to date.
2025-07-24 13:31:17 Checking for update using Github
2025-07-24 13:31:18 Success.
2025-07-24 13:31:18 Latest version is 1.8.10
2025-07-24 13:31:18 App is up to date.
2025-07-24 15:53:44 Checking for update using Github
2025-07-24 15:53:44 Success.
2025-07-24 15:53:44 Latest version is 1.8.10
2025-07-24 15:53:44 App is up to date.
2025-07-24 16:43:08 Loading main app package /usr/lib/obsidian/obsidian.asar
2025-07-24 16:43:08 Checking for update using Github
2025-07-24 16:43:08 Success.
2025-07-24 16:43:08 Latest version is 1.8.10
2025-07-24 16:43:08 App is up to date.
2025-07-24 17:43:08 Checking for update using Github
2025-07-24 17:43:08 Success.
2025-07-24 17:43:08 Latest version is 1.8.10
2025-07-24 17:43:08 App is up to date.
2025-07-24 18:43:08 Checking for update using Github
2025-07-24 18:43:08 Success.
2025-07-24 18:43:08 Latest version is 1.8.10
2025-07-24 18:43:08 App is up to date.
2025-07-24 19:37:33 Checking for update using Github
2025-07-24 19:37:33 Success.
2025-07-24 19:37:33 Latest version is 1.8.10
2025-07-24 19:37:33 App is up to date.
2025-07-24 19:37:35 Checking for update using Github
2025-07-24 19:37:35 Success.
2025-07-24 19:37:35 Latest version is 1.8.10
2025-07-24 19:37:35 App is up to date.
2025-07-24 19:43:08 Checking for update using Github
2025-07-24 19:43:08 Success.
2025-07-24 19:43:08 Latest version is 1.8.10
2025-07-24 19:43:08 App is up to date.
2025-07-24 20:43:08 Checking for update using Github
2025-07-24 20:43:08 Success.
2025-07-24 20:43:08 Latest version is 1.8.10
2025-07-24 20:43:08 App is up to date.
2025-07-25 09:09:32 Checking for update using Github
2025-07-25 09:09:32 Success.
2025-07-25 09:09:32 Latest version is 1.8.10
2025-07-25 09:09:32 App is up to date.
2025-07-25 10:09:32 Checking for update using Github
2025-07-25 10:09:32 Success.
2025-07-25 10:09:32 Latest version is 1.8.10
2025-07-25 10:09:32 App is up to date.
2025-07-25 15:11:40 Checking for update using Github
2025-07-25 15:11:41 Success.
2025-07-25 15:11:41 Latest version is 1.8.10
2025-07-25 15:11:41 App is up to date.
2025-07-25 16:11:41 Checking for update using Github
2025-07-25 16:11:41 Success.
2025-07-25 16:11:41 Latest version is 1.8.10
2025-07-25 16:11:41 App is up to date.
2025-07-25 17:11:41 Checking for update using Github
2025-07-25 17:11:41 Success.
2025-07-25 17:11:41 Latest version is 1.8.10
2025-07-25 17:11:41 App is up to date.
2025-07-25 18:11:41 Checking for update using Github
2025-07-25 18:11:41 Success.
2025-07-25 18:11:41 Latest version is 1.8.10
2025-07-25 18:11:41 App is up to date.
2025-07-25 21:45:23 Checking for update using Github
2025-07-25 21:45:24 Success.
2025-07-25 21:45:24 Latest version is 1.8.10
2025-07-25 21:45:24 App is up to date.
2025-07-26 14:27:36 Checking for update using Github
2025-07-26 14:27:36 Success.
2025-07-26 14:27:36 Latest version is 1.8.10
2025-07-26 14:27:36 App is up to date.
2025-07-26 15:42:39 Loading main app package /usr/lib/obsidian/obsidian.asar
2025-07-26 15:42:39 Checking for update using Github
2025-07-26 15:42:39 Success.
2025-07-26 15:42:39 Latest version is 1.8.10
2025-07-26 15:42:39 App is up to date.
2025-07-26 16:42:39 Checking for update using Github
2025-07-26 16:42:39 Success.
2025-07-26 16:42:39 Latest version is 1.8.10
2025-07-26 16:42:39 App is up to date.
2025-07-26 17:42:39 Checking for update using Github
2025-07-26 17:42:39 Success.
2025-07-26 17:42:39 Latest version is 1.8.10
2025-07-26 17:42:39 App is up to date.
2025-07-26 18:42:39 Checking for update using Github
2025-07-26 18:42:39 Success.
2025-07-26 18:42:39 Latest version is 1.8.10
2025-07-26 18:42:39 App is up to date.
2025-07-26 19:42:39 Checking for update using Github
2025-07-26 19:42:39 Success.
2025-07-26 19:42:39 Latest version is 1.8.10
2025-07-26 19:42:39 App is up to date.
2025-07-26 20:42:39 Checking for update using Github
2025-07-26 20:42:39 Success.
2025-07-26 20:42:39 Latest version is 1.8.10
2025-07-26 20:42:39 App is up to date.
2025-07-26 21:42:39 Checking for update using Github
2025-07-26 21:42:39 Success.
2025-07-26 21:42:39 Latest version is 1.8.10
2025-07-26 21:42:39 App is up to date.
2025-07-27 03:50:16 Checking for update using Github
2025-07-27 03:50:17 Success.
2025-07-27 03:50:17 Latest version is 1.8.10
2025-07-27 03:50:17 App is up to date.
2025-07-27 09:32:54 Checking for update using Github
2025-07-27 09:32:55 Success.
2025-07-27 09:32:55 Latest version is 1.8.10
2025-07-27 09:32:55 App is up to date.
2025-07-27 10:32:54 Checking for update using Github
2025-07-27 10:32:55 Success.
2025-07-27 10:32:55 Latest version is 1.8.10
2025-07-27 10:32:55 App is up to date.
2025-07-27 14:58:24 Checking for update using Github
2025-07-27 14:58:24 Success.
2025-07-27 14:58:24 Latest version is 1.8.10
2025-07-27 14:58:24 App is up to date.
2025-07-27 15:58:24 Checking for update using Github
2025-07-27 15:58:24 Success.
2025-07-27 15:58:24 Latest version is 1.8.10
2025-07-27 15:58:24 App is up to date.
2025-07-27 17:22:57 Checking for update using Github
2025-07-27 17:22:58 Success.
2025-07-27 17:22:58 Latest version is 1.8.10
2025-07-27 17:22:58 App is up to date.
2025-07-27 18:22:57 Checking for update using Github
2025-07-27 18:22:57 Success.
2025-07-27 18:22:57 Latest version is 1.8.10
2025-07-27 18:22:57 App is up to date.
2025-07-27 21:37:52 Checking for update using Github
2025-07-27 21:37:52 Success.
2025-07-27 21:37:52 Latest version is 1.8.10
2025-07-27 21:37:52 App is up to date.
2025-07-28 10:38:15 Checking for update using Github
2025-07-28 10:38:15 Success.
2025-07-28 10:38:15 Latest version is 1.8.10
2025-07-28 10:38:15 App is up to date.
2025-07-28 14:02:59 Checking for update using Github
2025-07-28 14:02:59 Success.
2025-07-28 14:02:59 Latest version is 1.8.10
2025-07-28 14:02:59 App is up to date.
2025-07-28 15:02:59 Checking for update using Github
2025-07-28 15:02:59 Success.
2025-07-28 15:02:59 Latest version is 1.8.10
2025-07-28 15:02:59 App is up to date.
2025-07-28 16:26:59 Checking for update using Github
2025-07-28 16:27:00 Success.
2025-07-28 16:27:00 Latest version is 1.8.10
2025-07-28 16:27:00 App is up to date.
2025-07-28 17:26:59 Checking for update using Github
2025-07-28 17:27:00 Success.
2025-07-28 17:27:00 Latest version is 1.8.10
2025-07-28 17:27:00 App is up to date.
2025-07-28 18:26:59 Checking for update using Github
2025-07-28 18:27:00 Success.
2025-07-28 18:27:00 Latest version is 1.8.10
2025-07-28 18:27:00 App is up to date.
2025-07-28 19:33:38 Loading main app package /usr/lib/obsidian/obsidian.asar
2025-07-28 19:33:38 Checking for update using Github
2025-07-28 19:33:38 Success.
2025-07-28 19:33:38 Latest version is 1.8.10
2025-07-28 19:33:38 App is up to date.
2025-07-29 11:26:58 Checking for update using Github
2025-07-29 11:26:58 Success.
2025-07-29 11:26:58 Latest version is 1.8.10
2025-07-29 11:26:58 App is up to date.
2025-07-29 15:09:55 Checking for update using Github
2025-07-29 15:09:55 Success.
2025-07-29 15:09:55 Latest version is 1.8.10
2025-07-29 15:09:55 App is up to date.
2025-07-29 16:09:55 Checking for update using Github
2025-07-29 16:09:55 Success.
2025-07-29 16:09:55 Latest version is 1.8.10
2025-07-29 16:09:55 App is up to date.
2025-07-29 17:09:55 Checking for update using Github
2025-07-29 17:09:55 Success.
2025-07-29 17:09:55 Latest version is 1.8.10
2025-07-29 17:09:55 App is up to date.
2025-07-29 18:09:55 Checking for update using Github
2025-07-29 18:09:55 Success.
2025-07-29 18:09:55 Latest version is 1.8.10
2025-07-29 18:09:55 App is up to date.
2025-07-29 19:13:19 Checking for update using Github
2025-07-29 19:13:19 Success.
2025-07-29 19:13:19 Latest version is 1.8.10
2025-07-29 19:13:19 App is up to date.
2025-07-29 20:13:19 Checking for update using Github
2025-07-29 20:13:20 Success.
2025-07-29 20:13:20 Latest version is 1.8.10
2025-07-29 20:13:20 App is up to date.
2025-07-29 23:07:30 Checking for update using Github
2025-07-29 23:07:30 Success.
2025-07-29 23:07:30 Latest version is 1.8.10
2025-07-29 23:07:30 App is up to date.
2025-07-30 00:07:30 Checking for update using Github
2025-07-30 00:07:31 Success.
2025-07-30 00:07:31 Latest version is 1.8.10
2025-07-30 00:07:31 App is up to date.
2025-07-30 16:41:52 Checking for update using Github
2025-07-30 16:41:52 Success.
2025-07-30 16:41:52 Latest version is 1.8.10
2025-07-30 16:41:52 App is up to date.
2025-07-30 17:41:52 Checking for update using Github
2025-07-30 17:41:52 Success.
2025-07-30 17:41:52 Latest version is 1.8.10
2025-07-30 17:41:52 App is up to date.
2025-07-30 18:41:52 Checking for update using Github
2025-07-30 18:41:52 Success.
2025-07-30 18:41:52 Latest version is 1.8.10
2025-07-30 18:41:52 App is up to date.
2025-07-30 19:41:52 Checking for update using Github
2025-07-30 19:41:52 Success.
2025-07-30 19:41:52 Latest version is 1.8.10
2025-07-30 19:41:52 App is up to date.
2025-07-30 20:41:52 Checking for update using Github
2025-07-30 20:41:52 Success.
2025-07-30 20:41:52 Latest version is 1.8.10
2025-07-30 20:41:52 App is up to date.
2025-07-30 21:41:52 Checking for update using Github
2025-07-30 21:41:52 Success.
2025-07-30 21:41:52 Latest version is 1.8.10
2025-07-30 21:41:52 App is up to date.
2025-07-30 22:41:52 Checking for update using Github
2025-07-30 22:41:52 Success.
2025-07-30 22:41:52 Latest version is 1.8.10
2025-07-30 22:41:52 App is up to date.
2025-07-30 23:41:52 Checking for update using Github
2025-07-30 23:41:52 Success.
2025-07-30 23:41:52 Latest version is 1.8.10
2025-07-30 23:41:52 App is up to date.
2025-07-31 00:41:52 Checking for update using Github
2025-07-31 00:41:52 Success.
2025-07-31 00:41:52 Latest version is 1.8.10
2025-07-31 00:41:52 App is up to date.
2025-07-31 13:40:54 Checking for update using Github
2025-07-31 13:40:54 Success.
2025-07-31 13:40:54 Latest version is 1.8.10
2025-07-31 13:40:54 App is up to date.
2025-07-31 14:40:54 Checking for update using Github
2025-07-31 14:40:54 Success.
2025-07-31 14:40:54 Latest version is 1.8.10
2025-07-31 14:40:54 App is up to date.
2025-07-31 16:10:21 Checking for update using Github
2025-07-31 16:10:21 Success.
2025-07-31 16:10:21 Latest version is 1.8.10
2025-07-31 16:10:21 App is up to date.
2025-07-31 17:10:21 Checking for update using Github
2025-07-31 17:10:21 Success.
2025-07-31 17:10:21 Latest version is 1.8.10
2025-07-31 17:10:21 App is up to date.
2025-07-31 18:10:21 Checking for update using Github
2025-07-31 18:10:21 Success.
2025-07-31 18:10:21 Latest version is 1.8.10
2025-07-31 18:10:21 App is up to date.
2025-07-31 19:10:21 Checking for update using Github
2025-07-31 19:10:21 Success.
2025-07-31 19:10:21 Latest version is 1.8.10
2025-07-31 19:10:21 App is up to date.
2025-07-31 21:24:56 Checking for update using Github
2025-07-31 21:24:56 Success.
2025-07-31 21:24:56 Latest version is 1.8.10
2025-07-31 21:24:56 App is up to date.
2025-07-31 22:24:56 Checking for update using Github
2025-07-31 22:24:56 Success.
2025-07-31 22:24:56 Latest version is 1.8.10
2025-07-31 22:24:56 App is up to date.
2025-08-01 14:23:40 Checking for update using Github
2025-08-01 14:23:40 Success.
2025-08-01 14:23:40 Latest version is 1.8.10
2025-08-01 14:23:40 App is up to date.
2025-08-01 15:23:40 Checking for update using Github
2025-08-01 15:23:40 Success.
2025-08-01 15:23:40 Latest version is 1.8.10
2025-08-01 15:23:40 App is up to date.
2025-08-01 16:40:23 Checking for update using Github
2025-08-01 16:40:23 Success.
2025-08-01 16:40:23 Latest version is 1.8.10
2025-08-01 16:40:23 App is up to date.
2025-08-01 17:40:23 Checking for update using Github
2025-08-01 17:40:23 Success.
2025-08-01 17:40:23 Latest version is 1.8.10
2025-08-01 17:40:23 App is up to date.
2025-08-01 18:40:23 Checking for update using Github
2025-08-01 18:40:23 Success.
2025-08-01 18:40:23 Latest version is 1.8.10
2025-08-01 18:40:23 App is up to date.
2025-08-01 19:40:23 Checking for update using Github
2025-08-01 19:40:23 Success.
2025-08-01 19:40:23 Latest version is 1.8.10
2025-08-01 19:40:23 App is up to date.
2025-08-01 20:40:23 Checking for update using Github
2025-08-01 20:40:23 Success.
2025-08-01 20:40:23 Latest version is 1.8.10
2025-08-01 20:40:23 App is up to date.
2025-08-01 21:40:23 Checking for update using Github
2025-08-01 21:40:23 Success.
2025-08-01 21:40:23 Latest version is 1.8.10
2025-08-01 21:40:23 App is up to date.
2025-08-01 22:37:41 Loading main app package /usr/lib/obsidian/obsidian.asar
2025-08-01 22:37:41 Checking for update using Github
2025-08-01 22:37:41 Success.
2025-08-01 22:37:41 Latest version is 1.8.10
2025-08-01 22:37:41 App is up to date.
2025-08-01 23:37:41 Checking for update using Github
2025-08-01 23:37:41 Success.
2025-08-01 23:37:41 Latest version is 1.8.10
2025-08-01 23:37:41 App is up to date.
2025-08-02 08:24:45 Checking for update using Github
2025-08-02 08:24:46 Success.
2025-08-02 08:24:46 Latest version is 1.8.10
2025-08-02 08:24:46 App is up to date.
2025-08-02 14:59:47 Checking for update using Github
2025-08-02 14:59:47 Success.
2025-08-02 14:59:47 Latest version is 1.8.10
2025-08-02 14:59:47 App is up to date.
2025-08-02 15:59:47 Checking for update using Github
2025-08-02 15:59:47 Success.
2025-08-02 15:59:47 Latest version is 1.8.10
2025-08-02 15:59:47 App is up to date.
2025-08-02 16:59:47 Checking for update using Github
2025-08-02 16:59:48 Success.
2025-08-02 16:59:48 Latest version is 1.8.10
2025-08-02 16:59:48 App is up to date.
2025-08-02 17:59:47 Checking for update using Github
2025-08-02 17:59:47 Success.
2025-08-02 17:59:47 Latest version is 1.8.10
2025-08-02 17:59:47 App is up to date.
2025-08-02 18:59:47 Checking for update using Github
2025-08-02 18:59:47 Success.
2025-08-02 18:59:47 Latest version is 1.8.10
2025-08-02 18:59:47 App is up to date.
2025-08-02 19:59:47 Checking for update using Github
2025-08-02 19:59:47 Success.
2025-08-02 19:59:47 Latest version is 1.8.10
2025-08-02 19:59:47 App is up to date.
2025-08-02 20:59:47 Checking for update using Github
2025-08-02 20:59:47 Success.
2025-08-02 20:59:47 Latest version is 1.8.10
2025-08-02 20:59:47 App is up to date.
2025-08-02 23:00:40 Checking for update using Github
2025-08-02 23:00:40 Success.
2025-08-02 23:00:40 Latest version is 1.8.10
2025-08-02 23:00:40 App is up to date.
2025-08-03 00:00:40 Checking for update using Github
2025-08-03 00:00:40 Success.
2025-08-03 00:00:40 Latest version is 1.8.10
2025-08-03 00:00:40 App is up to date.
2025-08-03 09:14:01 Checking for update using Github
2025-08-03 09:14:01 Success.
2025-08-03 09:14:01 Latest version is 1.8.10
2025-08-03 09:14:01 App is up to date.
2025-08-03 15:12:34 Checking for update using Github
2025-08-03 15:12:35 Success.
2025-08-03 15:12:35 Latest version is 1.8.10
2025-08-03 15:12:35 App is up to date.
2025-08-03 16:12:34 Checking for update using Github
2025-08-03 16:12:35 Success.
2025-08-03 16:12:35 Latest version is 1.8.10
2025-08-03 16:12:35 App is up to date.
2025-08-03 17:12:34 Checking for update using Github
2025-08-03 17:12:35 Success.
2025-08-03 17:12:35 Latest version is 1.8.10
2025-08-03 17:12:35 App is up to date.
2025-08-03 18:12:34 Checking for update using Github
2025-08-03 18:12:35 Success.
2025-08-03 18:12:35 Latest version is 1.8.10
2025-08-03 18:12:35 App is up to date.
2025-08-03 19:12:34 Checking for update using Github
2025-08-03 19:12:35 Success.
2025-08-03 19:12:35 Latest version is 1.8.10
2025-08-03 19:12:35 App is up to date.
2025-08-03 20:12:34 Checking for update using Github
2025-08-03 20:12:35 Success.
2025-08-03 20:12:35 Latest version is 1.8.10
2025-08-03 20:12:35 App is up to date.
2025-08-03 21:12:34 Checking for update using Github
2025-08-03 21:12:35 Success.
2025-08-03 21:12:35 Latest version is 1.8.10
2025-08-03 21:12:35 App is up to date.
2025-08-03 22:12:34 Checking for update using Github
2025-08-03 22:12:35 Success.
2025-08-03 22:12:35 Latest version is 1.8.10
2025-08-03 22:12:35 App is up to date.
2025-08-03 23:12:34 Checking for update using Github
2025-08-03 23:12:35 Success.
2025-08-03 23:12:35 Latest version is 1.8.10
2025-08-03 23:12:35 App is up to date.
2025-08-04 00:12:34 Checking for update using Github
2025-08-04 00:12:35 Success.
2025-08-04 00:12:35 Latest version is 1.8.10
2025-08-04 00:12:35 App is up to date.
2025-08-04 10:07:50 Checking for update using Github
2025-08-04 10:07:50 Success.
2025-08-04 10:07:50 Latest version is 1.8.10
2025-08-04 10:07:50 App is up to date.
2025-08-04 11:07:50 Checking for update using Github
2025-08-04 11:07:50 Success.
2025-08-04 11:07:50 Latest version is 1.8.10
2025-08-04 11:07:50 App is up to date.
2025-08-04 12:07:50 Checking for update using Github
2025-08-04 12:07:50 Success.
2025-08-04 12:07:50 Latest version is 1.8.10
2025-08-04 12:07:50 App is up to date.
2025-08-04 16:01:10 Checking for update using Github
2025-08-04 16:01:10 Success.
2025-08-04 16:01:10 Latest version is 1.8.10
2025-08-04 16:01:10 App is up to date.
2025-08-04 17:30:35 Checking for update using Github
2025-08-04 17:30:35 Success.
2025-08-04 17:30:35 Latest version is 1.8.10
2025-08-04 17:30:35 App is up to date.
2025-08-04 18:30:35 Checking for update using Github
2025-08-04 18:30:35 Success.
2025-08-04 18:30:35 Latest version is 1.8.10
2025-08-04 18:30:35 App is up to date.
2025-08-04 19:30:35 Checking for update using Github
2025-08-04 19:30:35 Success.
2025-08-04 19:30:35 Latest version is 1.8.10
2025-08-04 19:30:35 App is up to date.
2025-08-04 20:30:35 Checking for update using Github
2025-08-04 20:30:35 Success.
2025-08-04 20:30:35 Latest version is 1.8.10
2025-08-04 20:30:35 App is up to date.
2025-08-04 23:35:52 Checking for update using Github
2025-08-04 23:35:52 Success.
2025-08-04 23:35:52 Latest version is 1.8.10
2025-08-04 23:35:52 App is up to date.
2025-08-05 16:18:50 Checking for update using Github
2025-08-05 16:18:50 Success.
2025-08-05 16:18:50 Latest version is 1.8.10
2025-08-05 16:18:50 App is up to date.
2025-08-05 17:18:50 Checking for update using Github
2025-08-05 17:18:50 Success.
2025-08-05 17:18:50 Latest version is 1.8.10
2025-08-05 17:18:50 App is up to date.
2025-08-06 05:06:58 Checking for update using Github
2025-08-06 05:06:58 Success.
2025-08-06 05:06:58 Latest version is 1.8.10
2025-08-06 05:06:58 App is up to date.
2025-08-06 06:06:58 Checking for update using Github
2025-08-06 06:06:58 Success.
2025-08-06 06:06:58 Latest version is 1.8.10
2025-08-06 06:06:58 App is up to date.
2025-08-06 07:06:58 Checking for update using Github
2025-08-06 07:06:58 Success.
2025-08-06 07:06:58 Latest version is 1.8.10
2025-08-06 07:06:58 App is up to date.
2025-08-06 08:06:58 Checking for update using Github
2025-08-06 08:06:58 Success.
2025-08-06 08:06:58 Latest version is 1.8.10
2025-08-06 08:06:58 App is up to date.
2025-08-06 15:07:08 Checking for update using Github
2025-08-06 15:07:09 Success.
2025-08-06 15:07:09 Latest version is 1.8.10
2025-08-06 15:07:09 App is up to date.
2025-08-06 16:07:09 Checking for update using Github
2025-08-06 16:07:09 Success.
2025-08-06 16:07:09 Latest version is 1.8.10
2025-08-06 16:07:09 App is up to date.
2025-08-06 17:07:09 Checking for update using Github
2025-08-06 17:07:09 Success.
2025-08-06 17:07:09 Latest version is 1.8.10
2025-08-06 17:07:09 App is up to date.
2025-08-06 18:07:09 Checking for update using Github
2025-08-06 18:07:09 Success.
2025-08-06 18:07:09 Latest version is 1.8.10
2025-08-06 18:07:09 App is up to date.
2025-08-06 19:07:09 Checking for update using Github
2025-08-06 19:07:09 Success.
2025-08-06 19:07:09 Latest version is 1.8.10
2025-08-06 19:07:09 App is up to date.
2025-08-06 21:04:41 Checking for update using Github
2025-08-06 21:04:41 Success.
2025-08-06 21:04:41 Latest version is 1.8.10
2025-08-06 21:04:41 App is up to date.
2025-08-06 22:04:41 Checking for update using Github
2025-08-06 22:04:41 Success.
2025-08-06 22:04:41 Latest version is 1.8.10
2025-08-06 22:04:41 App is up to date.
2025-08-06 23:04:41 Checking for update using Github
2025-08-06 23:04:41 Success.
2025-08-06 23:04:41 Latest version is 1.8.10
2025-08-06 23:04:41 App is up to date.
2025-08-07 12:14:22 Checking for update using Github
2025-08-07 12:14:22 Success.
2025-08-07 12:14:22 Latest version is 1.8.10
2025-08-07 12:14:22 App is up to date.
2025-08-07 16:42:40 Checking for update using Github
2025-08-07 16:42:40 Success.
2025-08-07 16:42:40 Latest version is 1.8.10
2025-08-07 16:42:40 App is up to date.
2025-08-07 21:29:54 Loading main app package /usr/lib/obsidian/obsidian.asar
2025-08-07 21:29:54 Checking for update using Github
2025-08-07 21:29:55 Success.
2025-08-07 21:29:55 Latest version is 1.8.10
2025-08-07 21:29:55 App is up to date.
2025-08-07 22:29:54 Checking for update using Github
2025-08-07 22:29:54 Success.
2025-08-07 22:29:54 Latest version is 1.8.10
2025-08-07 22:29:54 App is up to date.
2025-08-07 23:29:54 Checking for update using Github
2025-08-07 23:29:54 Success.
2025-08-07 23:29:54 Latest version is 1.8.10
2025-08-07 23:29:54 App is up to date.
2025-08-08 00:29:54 Checking for update using Github
2025-08-08 00:29:54 Success.
2025-08-08 00:29:54 Latest version is 1.8.10
2025-08-08 00:29:54 App is up to date.
2025-08-08 02:10:42 Checking for update using Github
2025-08-08 02:10:42 Success.
2025-08-08 02:10:42 Latest version is 1.8.10
2025-08-08 02:10:42 App is up to date.
2025-08-08 09:17:06 Checking for update using Github
2025-08-08 09:17:07 Success.
2025-08-08 09:17:07 Latest version is 1.8.10
2025-08-08 09:17:07 App is up to date.
2025-08-08 10:17:06 Checking for update using Github
2025-08-08 10:17:07 Success.
2025-08-08 10:17:07 Latest version is 1.8.10
2025-08-08 10:17:07 App is up to date.
2025-08-08 11:17:06 Checking for update using Github
2025-08-08 11:17:07 Success.
2025-08-08 11:17:07 Latest version is 1.8.10
2025-08-08 11:17:07 App is up to date.
2025-08-08 14:47:13 Checking for update using Github
2025-08-08 14:47:13 Success.
2025-08-08 14:47:13 Latest version is 1.8.10
2025-08-08 14:47:13 App is up to date.
2025-08-08 16:07:04 Checking for update using Github
2025-08-08 16:07:04 Success.
2025-08-08 16:07:04 Latest version is 1.8.10
2025-08-08 16:07:04 App is up to date.
2025-08-08 20:50:05 Checking for update using Github
2025-08-08 20:50:06 Success.
2025-08-08 20:50:06 Latest version is 1.8.10
2025-08-08 20:50:06 App is up to date.
2025-08-08 21:50:05 Checking for update using Github
2025-08-08 21:50:05 Success.
2025-08-08 21:50:05 Latest version is 1.8.10
2025-08-08 21:50:05 App is up to date.
2025-08-08 22:50:05 Checking for update using Github
2025-08-08 22:50:05 Success.
2025-08-08 22:50:05 Latest version is 1.8.10
2025-08-08 22:50:05 App is up to date.
2025-08-08 23:50:05 Checking for update using Github
2025-08-08 23:50:05 Success.
2025-08-08 23:50:05 Latest version is 1.8.10
2025-08-08 23:50:05 App is up to date.
2025-08-09 00:50:05 Checking for update using Github
2025-08-09 00:50:05 Success.
2025-08-09 00:50:05 Latest version is 1.8.10
2025-08-09 00:50:05 App is up to date.
2025-08-09 15:46:42 Checking for update using Github
2025-08-09 15:46:42 Success.
2025-08-09 15:46:42 Latest version is 1.8.10
2025-08-09 15:46:42 App is up to date.
2025-08-09 16:46:42 Checking for update using Github
2025-08-09 16:46:42 Success.
2025-08-09 16:46:42 Latest version is 1.8.10
2025-08-09 16:46:42 App is up to date.
2025-08-09 17:46:42 Checking for update using Github
2025-08-09 17:46:42 Success.
2025-08-09 17:46:42 Latest version is 1.8.10
2025-08-09 17:46:42 App is up to date.
2025-08-10 11:03:41 Checking for update using Github
2025-08-10 11:03:41 Success.
2025-08-10 11:03:41 Latest version is 1.8.10
2025-08-10 11:03:41 App is up to date.
2025-08-10 12:03:41 Checking for update using Github
2025-08-10 12:03:41 Success.
2025-08-10 12:03:41 Latest version is 1.8.10
2025-08-10 12:03:41 App is up to date.
2025-08-10 14:29:05 Checking for update using Github
2025-08-10 14:29:05 Success.
2025-08-10 14:29:05 Latest version is 1.8.10
2025-08-10 14:29:05 App is up to date.
2025-08-10 19:46:15 Checking for update using Github
2025-08-10 19:46:15 Success.
2025-08-10 19:46:15 Latest version is 1.8.10
2025-08-10 19:46:15 App is up to date.
2025-08-10 20:46:15 Checking for update using Github
2025-08-10 20:46:15 Success.
2025-08-10 20:46:15 Latest version is 1.8.10
2025-08-10 20:46:15 App is up to date.
2025-08-10 21:46:15 Checking for update using Github
2025-08-10 21:46:15 Success.
2025-08-10 21:46:15 Latest version is 1.8.10
2025-08-10 21:46:15 App is up to date.
2025-08-10 22:46:15 Checking for update using Github
2025-08-10 22:46:15 Success.
2025-08-10 22:46:15 Latest version is 1.8.10
2025-08-10 22:46:15 App is up to date.
2025-08-10 23:46:15 Checking for update using Github
2025-08-10 23:46:15 Success.
2025-08-10 23:46:15 Latest version is 1.8.10
2025-08-10 23:46:15 App is up to date.
2025-08-11 00:46:15 Checking for update using Github
2025-08-11 00:46:15 Success.
2025-08-11 00:46:15 Latest version is 1.8.10
2025-08-11 00:46:15 App is up to date.
2025-08-11 18:22:47 Checking for update using Github
2025-08-11 18:22:48 Success.
2025-08-11 18:22:48 Latest version is 1.8.10
2025-08-11 18:22:48 App is up to date.
2025-08-11 19:22:47 Checking for update using Github
2025-08-11 19:22:48 Success.
2025-08-11 19:22:48 Latest version is 1.8.10
2025-08-11 19:22:48 App is up to date.
2025-08-11 20:22:47 Checking for update using Github
2025-08-11 20:22:48 Success.
2025-08-11 20:22:48 Latest version is 1.8.10
2025-08-11 20:22:48 App is up to date.
2025-08-12 15:31:20 Checking for update using Github
2025-08-12 15:31:20 Success.
2025-08-12 15:31:20 Latest version is 1.8.10
2025-08-12 15:31:20 App is up to date.
2025-08-12 16:31:20 Checking for update using Github
2025-08-12 16:31:20 Success.
2025-08-12 16:31:20 Latest version is 1.8.10
2025-08-12 16:31:20 App is up to date.
2025-08-12 17:37:28 Loading main app package /usr/lib/obsidian/obsidian.asar
2025-08-12 17:37:29 Checking for update using Github
2025-08-12 17:37:29 Success.
2025-08-12 17:37:29 Latest version is 1.8.10
2025-08-12 17:37:29 App is up to date.
